// Vitest Snapshot v1, https://vitest.dev/guide/snapshot.html

exports[`init server > queries movies > Get the primary information about a movie. 1`] = `
{
  "adult": false,
  "backdrop_path": "/8rpDcsfLJypbO6vREc0547VKqEv.jpg",
  "budget": 460000000,
  "genre_ids": null,
  "genres": [
    {
      "id": 878,
      "name": "Science-Fiction",
    },
    {
      "id": 12,
      "name": "Aventure",
    },
    {
      "id": 28,
      "name": "Action",
    },
  ],
  "homepage": "https://www.avatar.com/",
  "id": 76600,
  "imdb_id": "tt1630029",
  "original_language": "en",
  "original_title": "Avatar: The Way of Water",
  "overview": "Jake Sully et Neytiri sont devenus parents. L'intrigue se déroule une dizaine d'années après les événements racontés dans le long-métrage originel. Leur vie idyllique, proche de la nature, est menacée lorsque la « Resources Development Administration », dangereuse organisation non-gouvernementale, est de retour sur Pandora. Contraints de quitter leur habitat naturel, Jake et sa famille se rendent sur les récifs, où ils pensent trouver asile. Mais ils tombent sur un clan, les Metkayina, aux mœurs différentes des leurs...",
  "popularity": 2857.869,
  "poster_path": "/hYeB9GpFaT7ysabBoGG5rbo9mF4.jpg",
  "production_companies": [
    {
      "id": 127928,
      "logo_path": "/h0rjX5vjW5r8yEnUBStFarjcLT4.png",
      "name": "20th Century Studios",
      "origin_country": "US",
    },
    {
      "id": 574,
      "logo_path": "/iB6GjNVHs5hOqcEYt2rcjBqIjki.png",
      "name": "Lightstorm Entertainment",
      "origin_country": "US",
    },
  ],
  "production_countries": [
    {
      "iso_3166_1": "US",
      "name": "United States of America",
    },
  ],
  "release_date": "2022-12-14",
  "runtime": 192,
  "spoken_languages": [
    {
      "iso_639_1": "en",
      "name": "English",
    },
  ],
  "status": "Released",
  "tagline": "Retournez sur Pandora.",
  "title": "Avatar : La Voie de l'eau",
  "video": false,
  "vote_average": 7.707,
  "vote_count": 7841,
}
`;

exports[`init server > queries movies > Returns a list of movies in theatres 1`] = `
{
  "page": 1,
  "results": [
    {
      "adult": false,
      "backdrop_path": "/iJQIbOPm81fPEGKt5BPuZmfnA54.jpg",
      "genre_ids": [
        16,
        12,
        10751,
        14,
        35,
      ],
      "id": 502356,
      "original_language": "en",
      "original_title": "The Super Mario Bros. Movie",
      "overview": "Alors qu’ils tentent de réparer une canalisation souterraine, Mario et son frère Luigi, tous deux plombiers, se retrouvent plongés dans un nouvel univers féerique à travers un mystérieux conduit. Mais lorsque les deux frères sont séparés, Mario s’engage dans une aventure trépidante pour retrouver Luigi.  Dans sa quête, il peut compter sur l’aide du champignon Toad, habitant du Royaume Champignon, et les conseils avisés, en matière de techniques de combat, de la Princesse Peach, guerrière déterminée à la tête du Royaume. C’est ainsi que Mario réussit à mobiliser ses propres forces pour aller au bout de sa mission.",
      "popularity": 5390.857,
      "poster_path": "/ahMxyHMSJXingQr4yJBMzMU9k42.jpg",
      "release_date": "2023-04-05",
      "title": "Super Mario Bros. le film",
      "video": false,
      "vote_average": 7.5,
      "vote_count": 1840,
    },
    {
      "adult": false,
      "backdrop_path": "/nDxJJyA5giRhXx96q1sWbOUjMBI.jpg",
      "genre_ids": [
        28,
        35,
        14,
        12,
      ],
      "id": 594767,
      "original_language": "en",
      "original_title": "Shazam! Fury of the Gods",
      "overview": "Investis des pouvoirs des dieux, Billy Batson et ses copains apprennent encore à concilier leur vie d’ados avec leurs responsabilités de super-héros dès lors qu’ils se transforment en adultes. Mais quand les Filles de l’Atlas, trio d’anciennes déesses ivres de vengeance, débarquent sur Terre pour retrouver la magie qu’on leur a volée il y a longtemps, Billy, alias Shazam, et sa famille s’engagent dans une bataille destinée à conserver leurs superpouvoirs, à rester en vie et à sauver la planète. Mais une bande d’adolescents peut-elle vraiment empêcher la destruction du monde ? Et, surtout, Billy en a-t-il seulement envie ... ?",
      "popularity": 3476.943,
      "poster_path": "/fcBXkQygo8h2PK0KnxOxzkbD9p.jpg",
      "release_date": "2023-03-29",
      "title": "Shazam! La rage des Dieux",
      "video": false,
      "vote_average": 6.8,
      "vote_count": 1499,
    },
    {
      "adult": false,
      "backdrop_path": "/rbuahTzRqThIc9JOG60fQzPXJtH.jpg",
      "genre_ids": [
        878,
        12,
        28,
      ],
      "id": 447365,
      "original_language": "en",
      "original_title": "Guardians of the Galaxy Volume 3",
      "overview": "Peter Quill, encore sous le choc de la perte de Gamora, doit rallier son équipe pour une mission dangereuse visant à sauver Rocket. Une mission qui, en cas d’échec, pourrait bien conduire à la fin des Gardiens tels que nous les connaissons.",
      "popularity": 2740.512,
      "poster_path": "/aaGDsYYjltMxrwgs4qnHse4qlGX.jpg",
      "release_date": "2023-05-03",
      "title": "Les Gardiens de la Galaxie : Volume 3",
      "video": false,
      "vote_average": 8.3,
      "vote_count": 568,
    },
    {
      "adult": false,
      "backdrop_path": "/cWDWUkIR22FSlxokhaNrT6jqX3n.jpg",
      "genre_ids": [
        12,
        14,
        35,
      ],
      "id": 493529,
      "original_language": "en",
      "original_title": "Dungeons & Dragons: Honor Among Thieves",
      "overview": "Un voleur beau gosse, une bande d'aventuriers improbables entreprennent un casse épique pour récupérer une relique perdue. Les choses tournent mal lorsqu'ils s'attirent les foudres des mauvaises personnes.  Donjons & Dragons : L'honneur des voleurs transpose sur grand écran l'univers riche et l'esprit ludique du légendaire jeu de rôle à travers une aventure hilarante et pleine d'action.",
      "popularity": 2087.59,
      "poster_path": "/tT8ys0GKleuWQ3mBHrFdAE0boNf.jpg",
      "release_date": "2023-04-12",
      "title": "Donjons & Dragons : L'Honneur des voleurs",
      "video": false,
      "vote_average": 7.5,
      "vote_count": 912,
    },
    {
      "adult": false,
      "backdrop_path": "/h8gHn0OzBoaefsYseUByqsmEDMY.jpg",
      "genre_ids": [
        28,
        53,
        80,
      ],
      "id": 603692,
      "original_language": "en",
      "original_title": "John Wick: Chapter 4",
      "overview": "John Wick affronte ses adversaires les plus redoutables dans ce quatrième volet de la série.  De New York à Osaka, en passant par Paris et Berlin, John Wick mène un combat contre la Grande Table, la terrible organisation criminelle qui a mis sa tête à prix, en affrontant ses tueurs les plus dangereux...",
      "popularity": 1479.162,
      "poster_path": "/jAMVKvqxdNbUY2YQWhCclYI6coP.jpg",
      "release_date": "2023-03-22",
      "title": "John Wick : Chapitre 4",
      "video": false,
      "vote_average": 7.9,
      "vote_count": 1331,
    },
    {
      "adult": false,
      "backdrop_path": "/7bWxAsNPv9CXHOhZbJVlj2KxgfP.jpg",
      "genre_ids": [
        27,
      ],
      "id": 713704,
      "original_language": "en",
      "original_title": "Evil Dead Rise",
      "overview": "La réunion de deux sœurs, séparées, est interrompue par l'apparition de démons possesseurs de chair, les entraînant dans une bataille primitive pour leur survie, alors qu'elles font face à la version de la famille la plus cauchemardesque que l'on puisse imaginer.",
      "popularity": 1378.602,
      "poster_path": "/eDfimAZLXksB48zMWoZa9uzLzrI.jpg",
      "release_date": "2023-04-19",
      "title": "Evil Dead Rise",
      "video": false,
      "vote_average": 7,
      "vote_count": 381,
    },
    {
      "adult": false,
      "backdrop_path": "/wD2kUCX1Bb6oeIb2uz7kbdfLP6k.jpg",
      "genre_ids": [
        27,
        53,
      ],
      "id": 980078,
      "original_language": "en",
      "original_title": "Winnie the Pooh: Blood and Honey",
      "overview": "Après avoir été abandonnés par Christopher Robin à l'université, Winnie et Porcinet se déchaînent.",
      "popularity": 720.543,
      "poster_path": "/ewF3IlGscc7FjgGEPcQvZsAsgAW.jpg",
      "release_date": "2023-03-24",
      "title": "Winnie the Pooh: Blood and Honey",
      "video": false,
      "vote_average": 5.7,
      "vote_count": 554,
    },
    {
      "adult": false,
      "backdrop_path": "/ceYZCBfwbBwSpGJ6PapNVw5jqLG.jpg",
      "genre_ids": [
        16,
        18,
        12,
        14,
      ],
      "id": 916224,
      "original_language": "ja",
      "original_title": "すずめの戸締まり",
      "overview": "Dans une petite ville paisible de Kyushu, une jeune fille de 17 ans, Suzume, rencontre un homme qui dit voyager afin de chercher une porte. Décidant de le suivre dans les montagnes, elle découvre une unique porte délabrée trônant au milieu des ruines, seul vestige ayant survécu au passage du temps. Cédant à une inexplicable impulsion, Suzume tourne la poignée, et d'autres portes s'ouvrent alors aux quatre coins du Japon, laissant entrer toutes les catastrophes qu'elles renferment. L'homme est formel : toute porte ouverte doit être fermée. Là où elle s'est égarée se trouvent les étoiles, le crépuscule et l'aube, une voûte céleste où tous les temps se confondent. Guidée par des portes nimbées de mystère, Suzume entame un périple en vue de toutes les refermer.",
      "popularity": 248.596,
      "poster_path": "/hOJYwkVSgXtE3BJFN0bRPKdLJLj.jpg",
      "release_date": "2023-04-12",
      "title": "Suzume",
      "video": false,
      "vote_average": 8,
      "vote_count": 327,
    },
    {
      "adult": false,
      "backdrop_path": "/pS4oSxn9g0PAzkWD5zrSOuRIgT6.jpg",
      "genre_ids": [
        35,
        12,
        14,
      ],
      "id": 798286,
      "original_language": "en",
      "original_title": "Beau Is Afraid",
      "overview": "Beau tente désespérément de rejoindre sa mère. Mais l’univers semble se liguer contre lui…",
      "popularity": 66.513,
      "poster_path": "/efbO59aPi6WJMI8GDdGDyncVvXP.jpg",
      "release_date": "2023-04-26",
      "title": "Beau Is Afraid",
      "video": false,
      "vote_average": 7.3,
      "vote_count": 169,
    },
    {
      "adult": false,
      "backdrop_path": "/pcZuGnZm4tSn9slGrsveEvFeM3N.jpg",
      "genre_ids": [
        12,
        36,
        18,
      ],
      "id": 796185,
      "original_language": "fr",
      "original_title": "Les Trois Mousquetaires: D'Artagnan",
      "overview": "Du Louvre au Palais de Buckingham, des bas-fonds de Paris au siège de La Rochelle… Dans un Royaume divisé par les guerres de religion et menacé d’invasion par l’Angleterre, une poignée d’hommes et de femmes vont croiser leurs épées et lier leur destin à celui de la France.",
      "popularity": 50.832,
      "poster_path": "/lm0pfF0HSLsSpFlhGCmR6Bhl8EE.jpg",
      "release_date": "2023-04-05",
      "title": "Les Trois Mousquetaires: D'Artagnan",
      "video": false,
      "vote_average": 7.4,
      "vote_count": 297,
    },
    {
      "adult": false,
      "backdrop_path": "/dWwcwqAOkS6e4GCRJ5fC9iSVx9O.jpg",
      "genre_ids": [
        28,
        12,
        18,
        36,
      ],
      "id": 858082,
      "original_language": "ta",
      "original_title": "பொன்னியின் செல்வன்: பாகம் 2",
      "overview": "L'étau de la conspiration se resserre de plus en plus autour de la dynastie Chola... Le Prince Arulmozhi Varman accèdera-t-il au trône ? Son fidèle chevalier, le Prince Vallavaraiyan Vandiyadevan, et la Princesse Kudhavai vivront-ils leur amour ? La Reine Nandini prendra-t-elle sa revanche sur le Prince Aditha Karikalan ?",
      "popularity": 37.442,
      "poster_path": "/1fMM5yjLYJNfO3CSQBpfC1kqeIK.jpg",
      "release_date": "2023-04-28",
      "title": "PS 2 - Ponniyin Selvan Partie 2",
      "video": false,
      "vote_average": 7.3,
      "vote_count": 13,
    },
    {
      "adult": false,
      "backdrop_path": "/h1jF78eKPrqejbXe3OHQ2KxmTJ9.jpg",
      "genre_ids": [
        35,
        10749,
      ],
      "id": 972230,
      "original_language": "en",
      "original_title": "Maybe I Do",
      "overview": "Michelle et Allen en sont à la prochaine grande étape de leur relation : le mariage. Alors qu’ils invitent leurs parents respectifs à se rencontrer, Michelle et Allen découvrent que ces derniers se connaissent déjà très bien, et que ceux-ci ont des opinions très divergentes sur l’intérêt de se marier.",
      "popularity": 34.94,
      "poster_path": "/slCQI0qvS7EeGA0RgMN5fpRRM77.jpg",
      "release_date": "2023-04-21",
      "title": "Maybe I Do",
      "video": false,
      "vote_average": 6,
      "vote_count": 55,
    },
    {
      "adult": false,
      "backdrop_path": "/8PptFDUYJdJLblwgsSnknr3G9Eu.jpg",
      "genre_ids": [
        53,
        18,
      ],
      "id": 835268,
      "original_language": "ca",
      "original_title": "Suro",
      "overview": "Elena et Ivan s’apprêtent à entrer dans une nouvelle phase de leur vie. Ils quittent la métropole de Barcelone pour s’installer dans la campagne de Catalogne, où ils reprennent une plantation de chêne-liège. Le commerce du liège devra non seulement leur permettre d’assurer leur existence, mais ils comptent également exploiter la plantation de manière équitable et durable. Malgré leurs idéaux, Elena et Ivan doivent faire face à la dure réalité et se retrouveront bientôt dans une crise qui mettra non seulement en danger leur projet commun, mais aussi leur relation.",
      "popularity": 48.529,
      "poster_path": "/q7pEWV0FxL5AOU9Pr5mUDQWnZ4A.jpg",
      "release_date": "2023-04-12",
      "title": "Suro",
      "video": false,
      "vote_average": 6.8,
      "vote_count": 12,
    },
    {
      "adult": false,
      "backdrop_path": "/pDihgK7EGrSHZ4E5Wa8GkPaibXA.jpg",
      "genre_ids": [
        28,
        80,
        53,
        9648,
      ],
      "id": 605886,
      "original_language": "en",
      "original_title": "Misántropo",
      "overview": "Eleanor, une jeune enquêtrice au lourd passé, est appelée sur les lieux d’un crime de masse terrible. La police et le FBI lancent une chasse à l’homme sans précédent, mais face au mode opératoire constamment imprévisible de l’assassin, l’enquête piétine. Eleanor, quant à elle, se trouve de plus en plus impliquée dans l'affaire et se rend compte que ses propres démons intérieurs peuvent l’aider à cerner l'esprit de ce tueur si singulier…",
      "popularity": 41.873,
      "poster_path": "/1r21VJFlFYa873wlq5tIblPLAGP.jpg",
      "release_date": "2023-04-26",
      "title": "Misanthrope",
      "video": false,
      "vote_average": 7,
      "vote_count": 40,
    },
    {
      "adult": false,
      "backdrop_path": "/uHmvk8FnoxpgujDU0RIXLkv2fNt.jpg",
      "genre_ids": [
        16,
        35,
        12,
        10751,
      ],
      "id": 573164,
      "original_language": "es",
      "original_title": "Un rescate de huevitos",
      "overview": "Coco et Dina, un coq et une poule qui vivent au Mexique, viennent d’avoir deux petits œufs d’or. Mais ceux-ci sont rapidement kidnappés par un grand chef proposant un menu à base de rares variétés d’œufs au cœur de l’Afrique. Les deux parents entreprennent alors un périple à l’autre bout du monde pour sauver leurs enfants, aidés par leurs amis de la ferme et de la savane.",
      "popularity": 40.493,
      "poster_path": "/6YpdvZb6B7BA3WuJ1fKngqjJluY.jpg",
      "release_date": "2023-04-12",
      "title": "La Course aux œufs",
      "video": false,
      "vote_average": 7.9,
      "vote_count": 341,
    },
    {
      "adult": false,
      "backdrop_path": "/a9zLkSGkP4NLSwTEr67RDM6eWIC.jpg",
      "genre_ids": [
        14,
        16,
        12,
        10751,
      ],
      "id": 459003,
      "original_language": "uk",
      "original_title": "Мавка: Лісова пісня",
      "overview": "Par-delà les hautes Montagnes Noires se cache un royaume peuplé de créatures fantastiques. Depuis des siècles, elles protègent du monde des hommes une source de vie éternelle aux pouvoirs infinis. Jusqu’au jour où Naya, la nouvelle élue de cette forêt enchantée, rencontre Lucas, un jeune humain égaré dans les montagnes. À l’encontre des règles établies depuis des millénaires, ils vont se revoir, sans prendre garde aux conséquences qui s’abattront sur le royaume. L’aventure ne fait que commencer.",
      "popularity": 32.846,
      "poster_path": "/sqtvOO6c4ok1VURkdE1xECnFMjx.jpg",
      "release_date": "2023-03-29",
      "title": "Le Royaume de Naya",
      "video": false,
      "vote_average": 6.9,
      "vote_count": 23,
    },
    {
      "adult": false,
      "backdrop_path": "/3j5dZIR2sJs5SnzI7haAGJqnkHJ.jpg",
      "genre_ids": [
        16,
        14,
        27,
        878,
      ],
      "id": 846867,
      "original_language": "en",
      "original_title": "Mad God",
      "overview": "Une plongée dans les bas-fonds d’un monde en ruines où l’on suit L’Assassin. Ses sombres desseins se perdent dans un labyrinthe de paysages étranges, repaire d’une faune inquiétante et féérique.",
      "popularity": 19.559,
      "poster_path": "/sEULzxEZvrJvhz91wKxpbih25Sk.jpg",
      "release_date": "2023-04-26",
      "title": "Mad God",
      "video": false,
      "vote_average": 6.9,
      "vote_count": 198,
    },
    {
      "adult": false,
      "backdrop_path": "/rkUAAoBXsqlegp8bLTLZSIsRZbg.jpg",
      "genre_ids": [
        18,
        12,
      ],
      "id": 848112,
      "original_language": "es",
      "original_title": "Los reyes del mundo",
      "overview": "Le jeune Rá vit avec ses amis Culebro, Sere, Winny et Nano dans les rues de Medellin. Leur espoir renaît lorsque le gouvernement promet à Rá le droit d’acquérir un terrain duquel sa famille avait été chassée, comme des milliers d’autres Colombiens, par les paramilitaires. La bande de copains se met donc sur la route périlleuse qui mène dans l’arrière-pays. Un voyage palpitant entre aventure et délire commence.",
      "popularity": 17.455,
      "poster_path": "/3EnlbB6HDtHltj9Vzvf9gl1DqQ2.jpg",
      "release_date": "2023-03-29",
      "title": "Los reyes del mundo",
      "video": false,
      "vote_average": 7.5,
      "vote_count": 41,
    },
    {
      "adult": false,
      "backdrop_path": "/1hwXjae7SrpbZ4VvIQObuZ8fBul.jpg",
      "genre_ids": [
        9648,
        10749,
        18,
      ],
      "id": 715742,
      "original_language": "es",
      "original_title": "Trenque Lauquen",
      "overview": "Laura vient de s'installer à Trenque Lauquen depuis six ou huit mois. Une nouvelle Laura semble renaître dans ce lieu.",
      "popularity": 14.821,
      "poster_path": "/1hcPUd2yl4Cxv3s4vO3TIG7spA3.jpg",
      "release_date": "2023-05-03",
      "title": "Trenque Lauquen - Partie 1",
      "video": false,
      "vote_average": 7,
      "vote_count": 1,
    },
    {
      "adult": false,
      "backdrop_path": "/xhJ9E1uYT7KO3gjdpUO2SCzR9dL.jpg",
      "genre_ids": [
        18,
      ],
      "id": 916405,
      "original_language": "ga",
      "original_title": "An Cailín Ciúin",
      "overview": "Irlande, 1981, Cáit, une jeune fille effacée et négligée par sa famille, est envoyée vivre auprès de parents éloignés pendant l’été. Mais dans cette maison en apparence sans secret, où elle trouve l’épanouissement et l'affection, Cáit découvre une vérité douloureuse.",
      "popularity": 14.351,
      "poster_path": "/dbEtJZauUwWzGuA0tETYsDwWtlI.jpg",
      "release_date": "2023-04-12",
      "title": "The Quiet Girl",
      "video": false,
      "vote_average": 7.6,
      "vote_count": 161,
    },
  ],
  "total_pages": 8,
  "total_results": 154,
}
`;

exports[`init server > queries movies > Returns a list of the current popular movies 1`] = `
{
  "page": 1,
  "results": [
    {
      "adult": false,
      "backdrop_path": "/3CxUndGhUcZdt1Zggjdb2HkLLQX.jpg",
      "genre_ids": [
        28,
        12,
        878,
      ],
      "id": 640146,
      "original_language": "en",
      "original_title": "Ant-Man and the Wasp: Quantumania",
      "overview": "Tout va pour le mieux : Scott a écrit un livre à succès tandis que Hope défend avec le plus grand dévouement des causes humanitaires. Leur famille - Janet van Dyne et Hank Pym (les parents de Hope) et Cassie, la fille de Scott - font enfin partie de leur quotidien. Cassie partage la passion de sa nouvelle famille pour la science et la technologie, notamment en ce qui concerne le domaine quantique. Mais sa curiosité les entraîne tous dans une odyssée imprévue et sans retour dans le vaste monde subatomique, un endroit mystérieux où ils rencontrent d’étranges nouvelles créatures, une société en crise et un impitoyable maître du temps dont l’ombre menaçante commence tout juste à s’étendre. Scott et Cassie sont soudainement happés dans une direction tandis que Hope, Janet et Hank se retrouvent propulsés dans une autre. Tous se perdent dans un monde en guerre, sans savoir comment ils pourront en sortir ni même s'ils retrouveront un jour le chemin de leur foyer...",
      "popularity": 6051.035,
      "poster_path": "/2hq8EKF6kaUyOxB9KhmIb5JUxEe.jpg",
      "release_date": "2023-02-15",
      "title": "Ant-Man et la Guêpe : Quantumania",
      "video": false,
      "vote_average": 6.6,
      "vote_count": 2271,
    },
    {
      "adult": false,
      "backdrop_path": "/hiHGRbyTcbZoLsYYkO4QiCLYe34.jpg",
      "genre_ids": [
        27,
        9648,
        53,
      ],
      "id": 758323,
      "original_language": "en",
      "original_title": "The Pope's Exorcist",
      "overview": "Le film retrace les exploits du Père Gabriele Amorth. Le légendaire prêtre italien était le chef exorciste du Vatican. Il a réalisé plus de 100 000 exorcismes pour l'Église jusqu'à sa mort en 2016 durant le tournage du documentaire de William Friedkin, The Devil and Father Amorth.",
      "popularity": 6523.322,
      "poster_path": "/nelLXDgKEvyVs86RLrTxxUzie4t.jpg",
      "release_date": "2023-05-10",
      "title": "L'exorciste du Vatican",
      "video": false,
      "vote_average": 7.4,
      "vote_count": 554,
    },
    {
      "adult": false,
      "backdrop_path": "/iJQIbOPm81fPEGKt5BPuZmfnA54.jpg",
      "genre_ids": [
        16,
        12,
        10751,
        14,
        35,
      ],
      "id": 502356,
      "original_language": "en",
      "original_title": "The Super Mario Bros. Movie",
      "overview": "Alors qu’ils tentent de réparer une canalisation souterraine, Mario et son frère Luigi, tous deux plombiers, se retrouvent plongés dans un nouvel univers féerique à travers un mystérieux conduit. Mais lorsque les deux frères sont séparés, Mario s’engage dans une aventure trépidante pour retrouver Luigi.  Dans sa quête, il peut compter sur l’aide du champignon Toad, habitant du Royaume Champignon, et les conseils avisés, en matière de techniques de combat, de la Princesse Peach, guerrière déterminée à la tête du Royaume. C’est ainsi que Mario réussit à mobiliser ses propres forces pour aller au bout de sa mission.",
      "popularity": 5390.857,
      "poster_path": "/ahMxyHMSJXingQr4yJBMzMU9k42.jpg",
      "release_date": "2023-04-05",
      "title": "Super Mario Bros. le film",
      "video": false,
      "vote_average": 7.5,
      "vote_count": 1840,
    },
    {
      "adult": false,
      "backdrop_path": "/b9UCfDzwiWw7mIFsIQR9ZJUeh7q.jpg",
      "genre_ids": [
        10749,
        28,
        35,
      ],
      "id": 868759,
      "original_language": "en",
      "original_title": "Ghosted",
      "overview": "Cole, un agriculteur sans histoire, tombe éperdument amoureux de la mystérieuse Sadie, mais découvre avec stupeur qu'elle est agent secret. Avant même un second rencard, Cole et Sadie vont être embarqués dans une aventure au-delà des frontières lors de laquelle ils vont devoir sauver le monde.",
      "popularity": 3555.046,
      "poster_path": "/tds2CSzH5tPAc9CbeUDRtSVzFhs.jpg",
      "release_date": "2023-04-21",
      "title": "Ghosted",
      "video": false,
      "vote_average": 7.2,
      "vote_count": 642,
    },
    {
      "adult": false,
      "backdrop_path": "/nDxJJyA5giRhXx96q1sWbOUjMBI.jpg",
      "genre_ids": [
        28,
        35,
        14,
        12,
      ],
      "id": 594767,
      "original_language": "en",
      "original_title": "Shazam! Fury of the Gods",
      "overview": "Investis des pouvoirs des dieux, Billy Batson et ses copains apprennent encore à concilier leur vie d’ados avec leurs responsabilités de super-héros dès lors qu’ils se transforment en adultes. Mais quand les Filles de l’Atlas, trio d’anciennes déesses ivres de vengeance, débarquent sur Terre pour retrouver la magie qu’on leur a volée il y a longtemps, Billy, alias Shazam, et sa famille s’engagent dans une bataille destinée à conserver leurs superpouvoirs, à rester en vie et à sauver la planète. Mais une bande d’adolescents peut-elle vraiment empêcher la destruction du monde ? Et, surtout, Billy en a-t-il seulement envie ... ?",
      "popularity": 3476.943,
      "poster_path": "/fcBXkQygo8h2PK0KnxOxzkbD9p.jpg",
      "release_date": "2023-03-29",
      "title": "Shazam! La rage des Dieux",
      "video": false,
      "vote_average": 6.8,
      "vote_count": 1499,
    },
    {
      "adult": false,
      "backdrop_path": "/rbuahTzRqThIc9JOG60fQzPXJtH.jpg",
      "genre_ids": [
        878,
        12,
        28,
      ],
      "id": 447365,
      "original_language": "en",
      "original_title": "Guardians of the Galaxy Volume 3",
      "overview": "Peter Quill, encore sous le choc de la perte de Gamora, doit rallier son équipe pour une mission dangereuse visant à sauver Rocket. Une mission qui, en cas d’échec, pourrait bien conduire à la fin des Gardiens tels que nous les connaissons.",
      "popularity": 2740.512,
      "poster_path": "/aaGDsYYjltMxrwgs4qnHse4qlGX.jpg",
      "release_date": "2023-05-03",
      "title": "Les Gardiens de la Galaxie : Volume 3",
      "video": false,
      "vote_average": 8.3,
      "vote_count": 568,
    },
    {
      "adult": false,
      "backdrop_path": "/8rpDcsfLJypbO6vREc0547VKqEv.jpg",
      "genre_ids": [
        878,
        12,
        28,
      ],
      "id": 76600,
      "original_language": "en",
      "original_title": "Avatar: The Way of Water",
      "overview": "Jake Sully et Neytiri sont devenus parents. L'intrigue se déroule une dizaine d'années après les événements racontés dans le long-métrage originel. Leur vie idyllique, proche de la nature, est menacée lorsque la « Resources Development Administration », dangereuse organisation non-gouvernementale, est de retour sur Pandora. Contraints de quitter leur habitat naturel, Jake et sa famille se rendent sur les récifs, où ils pensent trouver asile. Mais ils tombent sur un clan, les Metkayina, aux mœurs différentes des leurs...",
      "popularity": 2857.869,
      "poster_path": "/hYeB9GpFaT7ysabBoGG5rbo9mF4.jpg",
      "release_date": "2022-12-14",
      "title": "Avatar : La Voie de l'eau",
      "video": false,
      "vote_average": 7.7,
      "vote_count": 7831,
    },
    {
      "adult": false,
      "backdrop_path": "/44immBwzhDVyjn87b3x3l9mlhAD.jpg",
      "genre_ids": [
        27,
        9648,
        53,
      ],
      "id": 934433,
      "original_language": "en",
      "original_title": "Scream VI",
      "overview": "Après avoir frappé à trois reprises à Woodsboro, après avoir terrorisé le campus de Windsor et les studios d’Hollywood, Ghostface a décidé de sévir dans Big Apple, mais dans une ville aussi grande que New York personne ne vous entendra crier…",
      "popularity": 2472.802,
      "poster_path": "/yQw8BtQedzm5aUo9zQCUMxQBtIJ.jpg",
      "release_date": "2023-03-08",
      "title": "Scream VI",
      "video": false,
      "vote_average": 7.4,
      "vote_count": 1003,
    },
    {
      "adult": false,
      "backdrop_path": "/5i6SjyDbDWqyun8klUuCxrlFbyw.jpg",
      "genre_ids": [
        18,
        28,
      ],
      "id": 677179,
      "original_language": "en",
      "original_title": "Creed III",
      "overview": "Après avoir dominé le monde de la boxe, Adonis Creed s'épanouit tant dans sa carrière que dans sa vie de famille. Lorsqu'un ami d'enfance et ancien prodige de la boxe, Damien Anderson, refait surface après avoir purgé une longue peine de prison, il est impatient de prouver qu'il mérite sa chance sur le ring. Le face-à-face entre les anciens amis est plus qu'un simple combat. Pour régler ses comptes, Adonis doit mettre son avenir en jeu pour affronter Damien - un boxeur qui n'a rien à perdre.",
      "popularity": 2321.42,
      "poster_path": "/hYQs5RPHiWctoYqvI8baHiIqdd8.jpg",
      "release_date": "2023-03-01",
      "title": "Creed III",
      "video": false,
      "vote_average": 7.3,
      "vote_count": 1295,
    },
    {
      "adult": false,
      "backdrop_path": "/cWDWUkIR22FSlxokhaNrT6jqX3n.jpg",
      "genre_ids": [
        12,
        14,
        35,
      ],
      "id": 493529,
      "original_language": "en",
      "original_title": "Dungeons & Dragons: Honor Among Thieves",
      "overview": "Un voleur beau gosse, une bande d'aventuriers improbables entreprennent un casse épique pour récupérer une relique perdue. Les choses tournent mal lorsqu'ils s'attirent les foudres des mauvaises personnes.  Donjons & Dragons : L'honneur des voleurs transpose sur grand écran l'univers riche et l'esprit ludique du légendaire jeu de rôle à travers une aventure hilarante et pleine d'action.",
      "popularity": 2087.59,
      "poster_path": "/tT8ys0GKleuWQ3mBHrFdAE0boNf.jpg",
      "release_date": "2023-04-12",
      "title": "Donjons & Dragons : L'Honneur des voleurs",
      "video": false,
      "vote_average": 7.5,
      "vote_count": 912,
    },
    {
      "adult": false,
      "backdrop_path": "/xwA90BwZXTh8ke3CVsQlj8EOkFr.jpg",
      "genre_ids": [
        28,
        12,
        36,
        18,
        10752,
      ],
      "id": 948713,
      "original_language": "en",
      "original_title": "The Last Kingdom: Seven Kings Must Die",
      "overview": "Pendant un siècle, la guerre a fait rage entre les habitants de l'île de Bretagne et les envahisseurs danois. Aujourd'hui, la paix s'installe au sein d'un pays presque unifié, puisque seul le seigneur Uhtred de Bebbanburg, qui règne sur la Northumbrie, doit encore prêter allégeance à la couronne. À la mort du roi Edward, cette harmonie fragile se trouve menacée par la rivalité de ses deux héritiers potentiels, Aethelstan et Aelfweard, qui revendiquent le trône...Dans le même temps, les côtes voient débarquer le roi-guerrier danois Anlaf, venu semer la désolation et exploiter les dissensions à son avantage. Tandis qu'Aethelstan se fait des ennemis dans toutes les îles britanniques, Anlaf rassemble les personnalités hostiles au roi au sein d'une grande alliance qui risque de mettre à mal le rêve d'union de l'Angleterre. Lorsque Uhtred est pressenti pour les rejoindre, il doit choisir entre ceux qui comptent le plus à ses yeux et sa vision d'un royaume uni.",
      "popularity": 1824.99,
      "poster_path": "/7yyFEsuaLGTPul5UkHc5BhXnQ0k.jpg",
      "release_date": "2023-04-14",
      "title": "The Last Kingdom : Sept rois doivent mourir",
      "video": false,
      "vote_average": 7.3,
      "vote_count": 311,
    },
    {
      "adult": false,
      "backdrop_path": "/7bWxAsNPv9CXHOhZbJVlj2KxgfP.jpg",
      "genre_ids": [
        27,
      ],
      "id": 713704,
      "original_language": "en",
      "original_title": "Evil Dead Rise",
      "overview": "La réunion de deux sœurs, séparées, est interrompue par l'apparition de démons possesseurs de chair, les entraînant dans une bataille primitive pour leur survie, alors qu'elles font face à la version de la famille la plus cauchemardesque que l'on puisse imaginer.",
      "popularity": 1378.602,
      "poster_path": "/eDfimAZLXksB48zMWoZa9uzLzrI.jpg",
      "release_date": "2023-04-19",
      "title": "Evil Dead Rise",
      "video": false,
      "vote_average": 7,
      "vote_count": 381,
    },
    {
      "adult": false,
      "backdrop_path": "/h8gHn0OzBoaefsYseUByqsmEDMY.jpg",
      "genre_ids": [
        28,
        53,
        80,
      ],
      "id": 603692,
      "original_language": "en",
      "original_title": "John Wick: Chapter 4",
      "overview": "John Wick affronte ses adversaires les plus redoutables dans ce quatrième volet de la série.  De New York à Osaka, en passant par Paris et Berlin, John Wick mène un combat contre la Grande Table, la terrible organisation criminelle qui a mis sa tête à prix, en affrontant ses tueurs les plus dangereux...",
      "popularity": 1479.162,
      "poster_path": "/jAMVKvqxdNbUY2YQWhCclYI6coP.jpg",
      "release_date": "2023-03-22",
      "title": "John Wick : Chapitre 4",
      "video": false,
      "vote_average": 7.9,
      "vote_count": 1331,
    },
    {
      "adult": false,
      "backdrop_path": "/jr8tSoJGj33XLgFBy6lmZhpGQNu.jpg",
      "genre_ids": [
        16,
        10751,
        14,
        12,
        35,
        18,
      ],
      "id": 315162,
      "original_language": "en",
      "original_title": "Puss in Boots: The Last Wish",
      "overview": "Le Chat Potté découvre que sa passion pour l'aventure et son mépris du danger ont fini par lui coûter cher : il a épuisé huit de ses neuf vies, et en a perdu le compte au passage. Afin de retomber sur ses pattes notre héros velu se lance littéralement dans la quête de sa vie. Il s'embarque dans une aventure épique aux confins de la Forêt Sombre afin de dénicher la mythique Etoile à vœu, seule susceptible de lui rendre ses vies perdues. Mais quand il ne vous en reste qu’une, il faut savoir faire profil bas, se montrer prudent et demander de l’aide. C’est ainsi qu’il se tourne vers son ancienne partenaire et meilleure ennemie de toujours : l’ensorcelante Kitty Pattes De Velours. Le Chat Potté et la belle Kitty vont être aidés dans leur quête, à leur corps bien défendant, par Perro, un corniaud errant et galleux à la langue bien pendue et d’une inaltérable bonne humeur.",
      "popularity": 1388.593,
      "poster_path": "/kO35BwoKHyP1VRulxZJVeEl5dvS.jpg",
      "release_date": "2022-12-07",
      "title": "Le Chat Potté 2 : la dernière quête",
      "video": false,
      "vote_average": 8.3,
      "vote_count": 5446,
    },
    {
      "adult": false,
      "backdrop_path": "/8HfjrSxfTVKmjNh8cJjbu5eXzcX.jpg",
      "genre_ids": [
        10751,
        14,
        28,
        12,
      ],
      "id": 420808,
      "original_language": "en",
      "original_title": "Peter Pan & Wendy",
      "overview": "Wendy Darling, une jeune fille ayant peur de quitter la maison familiale, qui rencontre Peter Pan, un garçon qui refuse de grandir. Avec ses frères et une petite fée, la fée Clochette, elle voyage avec Peter dans le monde magique du Pays Imaginaire. Elle y rencontre un capitaine pirate maléfique, le capitaine Crochet, et se lance dans une aventure palpitante et dangereuse qui changera sa vie à jamais.",
      "popularity": 1677.311,
      "poster_path": "/c4lNaY2E00EGFh642dHtGOVR6Vc.jpg",
      "release_date": "2023-04-28",
      "title": "Peter Pan et Wendy",
      "video": false,
      "vote_average": 5.9,
      "vote_count": 264,
    },
    {
      "adult": false,
      "backdrop_path": "/bT3IpP7OopgiVuy6HCPOWLuaFAd.jpg",
      "genre_ids": [
        35,
        9648,
        28,
      ],
      "id": 638974,
      "original_language": "en",
      "original_title": "Murder Mystery 2",
      "overview": "Désormais détectives à plein temps, Nick et Audrey Spitz peinent à faire décoller leur agence et se retrouvent au cœur d'une affaire d'enlèvement internationale lorsque leur ami le maharaja est kidnappé au cours de son propre somptueux mariage.",
      "popularity": 1303.248,
      "poster_path": "/gYF3RJbZuks7PnpL0flaMj9Y9uB.jpg",
      "release_date": "2023-03-31",
      "title": "Murder Mystery 2",
      "video": false,
      "vote_average": 6.6,
      "vote_count": 971,
    },
    {
      "adult": false,
      "backdrop_path": "/a2tys4sD7xzVaogPntGsT1ypVoT.jpg",
      "genre_ids": [
        53,
        35,
        80,
      ],
      "id": 804150,
      "original_language": "en",
      "original_title": "Cocaine Bear",
      "overview": "En 1985 une cargaison de cocaïne disparue après le crash de l'avion qui la transportait, avait été en fait ingérée par un ours brun. Tel est le point de départ de ce thriller haletant où, au cœur d'une forêt du fin fond de la Georgie, va se former un groupe mal assorti de flics, de criminels, de touristes et d'adolescents, assemblés pour affronter un super prédateur enragé et assoiffé de sang, rendu complètement fou par l'ingestion d'une dose faramineuse de cocaïne.",
      "popularity": 1031.723,
      "poster_path": "/crl0mZX2wPzuB7YYslcU8UIv1Ml.jpg",
      "release_date": "2023-03-15",
      "title": "Crazy Bear",
      "video": false,
      "vote_average": 6.4,
      "vote_count": 969,
    },
    {
      "adult": false,
      "backdrop_path": "/eEF40Xk2twM3WjRNZftfo771gjv.jpg",
      "genre_ids": [
        878,
        12,
        53,
      ],
      "id": 700391,
      "original_language": "en",
      "original_title": "65",
      "overview": "Après un terrible crash sur une planète inconnue, le pilote Mills découvre rapidement qu’il a en réalité échoué sur Terre… il y a 65 millions d’années. Pour réussir leur unique chance de sauvetage, Mills et Koa, l’unique autre survivante du crash, doivent se frayer un chemin à travers des terres inconnues peuplées de dangereuses créatures préhistoriques dans un combat épique pour leur survie.",
      "popularity": 944.383,
      "poster_path": "/jYxRG1aeVKoLG48Jlka0QMpGzsb.jpg",
      "release_date": "2023-03-15",
      "title": "65 : La Terre d'avant",
      "video": false,
      "vote_average": 6.3,
      "vote_count": 937,
    },
    {
      "adult": false,
      "backdrop_path": "/cZzZlwGvxiByXam0lZ57J9IN233.jpg",
      "genre_ids": [
        27,
      ],
      "id": 1008005,
      "original_language": "es",
      "original_title": "La niña de la comunión",
      "overview": "Espagne, fin des années 1980. Sara, nouvelle arrivante, essaie de s'intégrer aux autres adolescents d’une petite ville soudée de la province de Tarragone. Si seulement elle ressemblait plus à sa meilleure amie extravertie, Rebe. Un soir, elles sortent en boîte de nuit. En rentrant chez elles, elles tombent sur une petite fille tenant une poupée, habillée pour sa première communion. Le cauchemar commence maintenant...",
      "popularity": 947.947,
      "poster_path": "/5bEUI4n0vUvc3tvx6uV1UhmBqKi.jpg",
      "release_date": "2023-01-28",
      "title": "The Communion Girl",
      "video": false,
      "vote_average": 6.2,
      "vote_count": 83,
    },
    {
      "adult": false,
      "backdrop_path": "/c3hl9E8E7b9opXDFVF5tSyk0ykr.jpg",
      "genre_ids": [
        16,
        35,
        10751,
        12,
        14,
      ],
      "id": 816904,
      "original_language": "es",
      "original_title": "Momias",
      "overview": "Vous êtes-vous déjà demandé à quoi ressemblait le monde des momies ? Sous les pyramides d’Egypte se trouve un royaume fabuleux, où les momies conduisent des chars, rêvent de devenir des pop stars et vivent à l’écart de la civilisation humaine. Mais lorsqu’un archéologue sans scrupule pille un de leur trésors, Thut et la princesse Nefer, fiancés malgré eux, se voient contraints de faire équipe et de se rendre dans le monde des vivants. Accompagnés par le frère de Thut et son crocodile domestique, ils vont vivre une aventure hors du commun à Londres et former une amitié inattendue.",
      "popularity": 769.045,
      "poster_path": "/c672hw7RVSaxRDLt67c38EdFizW.jpg",
      "release_date": "2023-02-08",
      "title": "Sacrées Momies",
      "video": false,
      "vote_average": 7.2,
      "vote_count": 256,
    },
  ],
  "total_pages": 3508,
  "total_results": 70143,
}
`;

exports[`init server > queries movies > Returns a list of upcoming movies in theatres 1`] = `
{
  "page": 1,
  "results": [
    {
      "adult": false,
      "backdrop_path": "/hiHGRbyTcbZoLsYYkO4QiCLYe34.jpg",
      "genre_ids": [
        27,
        9648,
        53,
      ],
      "id": 758323,
      "original_language": "en",
      "original_title": "The Pope's Exorcist",
      "overview": "Le film retrace les exploits du Père Gabriele Amorth. Le légendaire prêtre italien était le chef exorciste du Vatican. Il a réalisé plus de 100 000 exorcismes pour l'Église jusqu'à sa mort en 2016 durant le tournage du documentaire de William Friedkin, The Devil and Father Amorth.",
      "popularity": 6523.322,
      "poster_path": "/nelLXDgKEvyVs86RLrTxxUzie4t.jpg",
      "release_date": "2023-05-10",
      "title": "L'exorciste du Vatican",
      "video": false,
      "vote_average": 7.4,
      "vote_count": 554,
    },
    {
      "adult": false,
      "backdrop_path": "/fI5RsaM0NSU6TqztRhA2pal5ezv.jpg",
      "genre_ids": [
        28,
        80,
        53,
      ],
      "id": 385687,
      "original_language": "en",
      "original_title": "Fast X",
      "overview": "Après bien des missions et contre toute attente, Dom Toretto et sa famille ont su déjouer, devancer, surpasser et distancer tous les adversaires qui ont croisé leur route. Ils sont aujourd’hui face à leur ennemi le plus terrifiant et le plus intime : émergeant des brumes du passé, ce revenant assoiffé de vengeance est bien déterminé à décimer la famille en réduisant à néant tout ce à quoi, et surtout à qui Dom ait jamais tenu.",
      "popularity": 801.963,
      "poster_path": "/piYNJlLvSlXYnXh6ZoKzhPdrMfV.jpg",
      "release_date": "2023-05-17",
      "title": "Fast X",
      "video": false,
      "vote_average": 0,
      "vote_count": 0,
    },
    {
      "adult": false,
      "backdrop_path": "/nJ4i3aFmrRqXvnDPBvhk9fKam5I.jpg",
      "genre_ids": [
        14,
        28,
        12,
      ],
      "id": 455476,
      "original_language": "en",
      "original_title": "Knights of the Zodiac",
      "overview": "Seiya, un adolescent au caractère bien trempé, a l'habitude de participer à des combats pour gagner de quoi survivre dans la rue, tout en recherchant sa soeur qui a été enlevée. Durant un combat, il puise involontairement dans des pouvoirs mystiques insoupçonnés et se retrouve propulsé dans un monde où il rencontrera des chevaliers en armure, tirant leur puissance d'un entraînement magique ancestral et Athéna, une déesse réincarnée qui a besoin de sa protection. S'il veut survivre, il devra affronter son destin et tout sacrifier pour prendre la place qui lui revient parmi les Chevaliers du Zodiaque.",
      "popularity": 520.537,
      "poster_path": "/n7CayBk6G94nkD0jFCnWVnYdAnx.jpg",
      "release_date": "2023-05-24",
      "title": "Les Chevaliers du Zodiaque",
      "video": false,
      "vote_average": 6.4,
      "vote_count": 27,
    },
    {
      "adult": false,
      "backdrop_path": "/7lBLNUVnTdDeYXnUuaTwUxHc3LH.jpg",
      "genre_ids": [
        27,
        35,
        14,
      ],
      "id": 649609,
      "original_language": "en",
      "original_title": "Renfield",
      "overview": "Le mal ne saurait survivre une éternité sans un petit coup de pouce. 
 Dans cette version moderne du mythe de Dracula, Renfield est l’assistant torturé du maître le plus narcissique qui ait jamais existé : Dracula. Renfield est contraint par son maître de lui procurer des proies et de pourvoir à toutes ses requêtes, mêmes les plus dégradantes. Mais après des siècles de servitude, il est enfin prêt à s’affranchir de l’ombre du Prince des ténèbres. À la seule condition qu’il arrive à mettre un terme à la dépendance mutuelle qui les unit.",
      "popularity": 379.133,
      "poster_path": "/lm3y4RNPu4aRDePsX5CkB9ndEdQ.jpg",
      "release_date": "2023-05-31",
      "title": "Renfield",
      "video": false,
      "vote_average": 7.3,
      "vote_count": 271,
    },
    {
      "adult": false,
      "backdrop_path": "/hJoMSAltRx5xvlAXvKyDdugjucJ.jpg",
      "genre_ids": [
        12,
        10751,
        14,
        10749,
      ],
      "id": 447277,
      "original_language": "en",
      "original_title": "The Little Mermaid",
      "overview": "L'adaptation live-action du film d'animation La Petite Sirène. Malgré l'interdiction de son père, le roi Triton, Ariel, la petite sirène, ne peut résister à la tentation d'aller à la rencontre d'un monde inconnu, celui des humains. Accompagnée de Polochon, elle gagne la surface de l'océan et s'approche d'un grand navire où est donnée une grande fête en l'honneur du prince Eric, dont elle tombe immédiatement amoureuse. Une terrible tempête se lève et le prince est projeté par-dessus bord. Ariel le sauve de la noyade, le dépose sur le continent puis disparaît. Mais elle ne réussit pas à oublier le prince.",
      "popularity": 254.475,
      "poster_path": "/vP4t7DynrGPNwhXX8Z7Guq9FpS3.jpg",
      "release_date": "2023-05-24",
      "title": "La Petite Sirène",
      "video": false,
      "vote_average": 0,
      "vote_count": 0,
    },
    {
      "adult": false,
      "backdrop_path": "/jS4z8y70ESrZwmFJubqYuceFtnX.jpg",
      "genre_ids": [
        16,
        28,
        12,
        878,
      ],
      "id": 569094,
      "original_language": "en",
      "original_title": "Spider-Man: Across the Spider-Verse",
      "overview": "Miles Morales revient dans un nouveau chapitre de la franchise oscarisée Spider-Man : New Generation, pour une aventure épique qui entraînera notre héros sympa originaire de Brooklyn, à travers le Multivers pour unir ses forces à celles de Gwen Stacy et une nouvelle équipe de Spider-héros pour faire face au méchant le plus puissant qu'ils n'aient jamais affronté.",
      "popularity": 111.133,
      "poster_path": "/zPoqAu4gxZRmcPzSLFJ9b0VciaL.jpg",
      "release_date": "2023-05-31",
      "title": "Spider-Man : Across the Spider-Verse",
      "video": false,
      "vote_average": 0,
      "vote_count": 0,
    },
    {
      "adult": false,
      "backdrop_path": "/oREkJ5uPIryJz0zWMASkGVLzeIc.jpg",
      "genre_ids": [
        28,
        18,
      ],
      "id": 990140,
      "original_language": "cn",
      "original_title": "天龍八部之喬峰傳",
      "overview": "Royaume de Chine, Xème siècle Deux clans ennemis s'affrontent : les Song, dynastie royale, et les Khitan, peuple nomade guerrier. Qiao Feng du clan Song est un héros chevaleresque respecté, maître en arts martiaux. Accusé à tort d'avoir tué un chef de son propre clan, Qiao Feng est banni. Pour prouver son innocence, il s’engage dans un long périple, parsemé de combats extraordinaires, entre demi-dieux et semi-démons.",
      "popularity": 36.643,
      "poster_path": "/1d4Iru6pLYESE1DsE8BVxK5OwRm.jpg",
      "release_date": "2023-05-10",
      "title": "Sakra, la légende des demi-dieux",
      "video": false,
      "vote_average": 6.3,
      "vote_count": 35,
    },
    {
      "adult": false,
      "backdrop_path": "/8Y0RxH5cXiKV8C9Wyj6JkW9VYaG.jpg",
      "genre_ids": [
        27,
      ],
      "id": 994143,
      "original_language": "en",
      "original_title": "Skinamarink",
      "overview": "Deux enfants se réveillent au milieu de la nuit pour découvrir que leur père a disparu et que toutes les fenêtres et les portes de leur maison ont disparu.",
      "popularity": 35.158,
      "poster_path": "/i20lcYqNsFWhdtVX7QrucifTGTA.jpg",
      "release_date": "2023-05-10",
      "title": "The House",
      "video": false,
      "vote_average": 5.8,
      "vote_count": 85,
    },
    {
      "adult": false,
      "backdrop_path": "/igXrblWrU1uaC09VKyquHHSebr.jpg",
      "genre_ids": [
        28,
        53,
      ],
      "id": 717930,
      "original_language": "en",
      "original_title": "Kandahar",
      "overview": "Tom Harris est un agent secret de la CIA travaillant au Moyen-Orient. Une fuite des renseignements révèle son identité. Coincés au cœur d'un territoire hostile, Harris et son traducteur doivent se frayer un chemin hors du désert jusqu'à Kandahar, en Afghanistan, tout en échappant aux forces spéciales d'élite qui les pourchassent.",
      "popularity": 25.587,
      "poster_path": "/gVh7d9n9WtUS6VSEaRXpGSTyhHW.jpg",
      "release_date": "2023-05-31",
      "title": "Kandahar",
      "video": false,
      "vote_average": 0,
      "vote_count": 0,
    },
    {
      "adult": false,
      "backdrop_path": "/b0SaenSxPVh2WEQWqImL2OR6fxV.jpg",
      "genre_ids": [
        18,
      ],
      "id": 962566,
      "original_language": "en",
      "original_title": "War Pony",
      "overview": "\\"War Pony\\" raconte l'histoire du destin entrelacé de deux jeunes hommes Lakota vivant dans la réserve indienne de Pine Ridge. À 23 ans, Bill peine à joindre les deux bouts. Qu'il s'agisse de siphonner de l'essence, de faire des livraisons ou d'élever des caniches, il est déterminé à se frayer un chemin vers le \\"rêve américain\\". De son côté, Mâtho, 12 ans, a hâte de devenir un homme. Désespéré de l'approbation de son jeune père, Mâtho prend une série de décisions impulsives qui bouleversent sa vie, l'empêchant d'affronter la dure réalité du monde. Unis dans leur quête d'appartenance à une société qui leur est hostile, Bill et Matho vont tenter de tracer leur propre chemin vers l'âge adulte.",
      "popularity": 14.984,
      "poster_path": "/44CKccZC5pNaGIUJzeUOSA2XuTC.jpg",
      "release_date": "2023-05-10",
      "title": "War Pony",
      "video": false,
      "vote_average": 0,
      "vote_count": 0,
    },
    {
      "adult": false,
      "backdrop_path": "/gDXJO80dtuoLlkM0bYFihumvm7b.jpg",
      "genre_ids": [
        18,
        10749,
      ],
      "id": 1000563,
      "original_language": "fr",
      "original_title": "Le Paradis",
      "overview": "Joe, 17 ans, est sur le point de sortir d’un centre fermé pour mineurs délinquants. Si son juge approuve sa libération, il ira vivre en autonomie. Mais l'arrivée d'un nouveau jeune, William, va remettre en question son désir de liberté.",
      "popularity": 14.048,
      "poster_path": "/97sWWWBtdgoATYPXMTRko6629OI.jpg",
      "release_date": "2023-05-10",
      "title": "Le Paradis",
      "video": false,
      "vote_average": 6.5,
      "vote_count": 1,
    },
    {
      "adult": false,
      "backdrop_path": "/8ki3UBFOn0ghCa8oUDHaKhmAMO3.jpg",
      "genre_ids": [
        16,
        10751,
        12,
        28,
      ],
      "id": 657561,
      "original_language": "en",
      "original_title": "The Wishmas Tree",
      "overview": "Jadis, les enfants fondateurs ont érigé la cité sanctuaire au milieu de laquelle trône l'arbre des vœux. Chaque année, les animaux, qui vivent en harmonie dans cet endroit féérique protégé de l'extinction, sont invités à cueillir une fleur et à formuler un souhait. Mais à une seule condition : ils ne doivent jamais arracher la dernière fleur des branches, sans quoi les lieux ne seront plus à l'abri. C'est pourtant ce que fait Kerry, un petit opossum femelle. Elle désire à tout prix connaître le chaos, ce monde situé au-delà de leur repaire naturel, au grand dam de son aînée Petra. Lorsque Kerry réalise le mal qu'elle vient de causer, il est peut-être déjà trop tard... À moins de suivre les indications du gardien Yarra et de retrouver le frère de l'arbre des vœux qui, seul, pourra restaurer la magie.",
      "popularity": 13.054,
      "poster_path": "/1suVPnPRRTlXDu4UZTvqc07rPKz.jpg",
      "release_date": "2023-05-17",
      "title": "L'Arbre des vœux",
      "video": false,
      "vote_average": 6.7,
      "vote_count": 67,
    },
    {
      "adult": false,
      "backdrop_path": "/xYnLlge1OvzPjyyG0eHEPkDpYM1.jpg",
      "genre_ids": [
        35,
        18,
      ],
      "id": 958857,
      "original_language": "fr",
      "original_title": "Le Cours de la vie",
      "overview": "Noémie retrouve Vincent, son amour de jeunesse, dans l'école de cinéma dont il est désormais directeur. A travers une masterclass hors norme, elle va apprendre à Vincent et ses élèves que l'art d'écrire un scénario c'est l'art de vivre passionnément.",
      "popularity": 13.507,
      "poster_path": "/wg92fUpEqy6ymuld69dBbDa3Arv.jpg",
      "release_date": "2023-05-10",
      "title": "Le Cours de la vie",
      "video": false,
      "vote_average": 0,
      "vote_count": 0,
    },
    {
      "adult": false,
      "backdrop_path": null,
      "genre_ids": [
        18,
      ],
      "id": 960380,
      "original_language": "fr",
      "original_title": "La fille d’Albino Rodrigue",
      "overview": "Rosemay, 16 ans, vit toute l'année en famille d'accueil et part rejoindre sa famille biologique pour les vacances. A son arrivée, son père n’est pas à la gare pour l’accueillir comme prévu. Dans les jours qui suivent, son père ne réapparaît pas. Il semble s’être évaporé et face aux questions répétées de Rosemay, sa mère ne cesse de se contredire. Habitée au plus profond par l’intuition de la vérité, Rosemay apprendra à s’écouter, à écrire, et à trahir ceux qu’elle aime.",
      "popularity": 13.029,
      "poster_path": "/mERNKBRf7JgCYoKLRj4J4WsYtua.jpg",
      "release_date": "2023-05-10",
      "title": "La fille d’Albino Rodrigue",
      "video": false,
      "vote_average": 0,
      "vote_count": 0,
    },
    {
      "adult": false,
      "backdrop_path": null,
      "genre_ids": [
        35,
        18,
      ],
      "id": 958502,
      "original_language": "fr",
      "original_title": "Rue des Dames",
      "overview": "Mia, 25 ans, ancienne toxicomane employée dans un petit salon de manucure situé Rue Des Dames à Paris, apprend qu’elle est enceinte. La nouvelle de sa grossesse parfaitement viable, lui fait l’effet d’un miracle. Alors qu’il lui faut trouver d’urgence un nouvel appartement et que Nabil, son « Jules », en régime de semi-liberté, peine à joindre les deux bouts, Mia a monté une combine pour colmater les fins de mois : à l’insu de sa patronne et en contrepartie d’un ticket d’entrée, elle propose à des clientes du salon de « glisser » dans des soirées fréquentées par des footballeurs de renom. Un beau jour, l'un d'eux, Djibril Traoré, star montante du ballon rond français, demande à lui parler : marié et père de famille, il a mis enceinte Diane, une cliente et amie de Mia. De but en blanc, il propose à celle-ci un \\"arrangement\\" si elle parvient à convaincre son amie de ne pas garder l'enfant. Mia croit voir là l’occasion de mettre fin à ses problèmes d'argent.",
      "popularity": 12.985,
      "poster_path": "/4card1UoF58QN7GMMlJpqOYEu8z.jpg",
      "release_date": "2023-05-10",
      "title": "Rue des Dames",
      "video": false,
      "vote_average": 0,
      "vote_count": 0,
    },
    {
      "adult": false,
      "backdrop_path": "/kRBZzKi1RFCoYC8rUip6uVUhqzL.jpg",
      "genre_ids": [
        35,
        18,
      ],
      "id": 958865,
      "original_language": "fr",
      "original_title": "Le principal",
      "overview": "Sabri Lahlali, Principal adjoint d’un collège de quartier, est prêt à tout pour que son fils, sur le point de passer le brevet, ait le dossier scolaire idéal. Mais il ne sait pas jusqu’où son entreprise va le mener...",
      "popularity": 12.733,
      "poster_path": "/oO4PvCYhczdjiYd2s1UfXYGhcKg.jpg",
      "release_date": "2023-05-10",
      "title": "Le principal",
      "video": false,
      "vote_average": 0,
      "vote_count": 0,
    },
    {
      "adult": false,
      "backdrop_path": "/8W89QHsRBsonf8PyWdqdfGnOowp.jpg",
      "genre_ids": [
        35,
      ],
      "id": 829051,
      "original_language": "en",
      "original_title": "About My Father",
      "overview": "Encouragé par sa fiancée, Sebastian invite son père Salvo, modeste coiffeur italo-américain, à faire la connaissance de sa très riche et excentrique belle-famille durant un weekend prolongé dans leur somptueuse résidence. Ce véritable choc des cultures se transforme en un concentré édifiant et hilarant de tout ce qu'il faut éviter de faire lors d’une telle rencontre familiale.",
      "popularity": 12.506,
      "poster_path": "/osZhYo5B13tT70ub2pLTCDEEay.jpg",
      "release_date": "2023-05-31",
      "title": "Mon père et moi",
      "video": false,
      "vote_average": 0,
      "vote_count": 0,
    },
    {
      "adult": false,
      "backdrop_path": "/hrNhsJeajflo8jBav78sURHvxp3.jpg",
      "genre_ids": [
        53,
      ],
      "id": 946706,
      "original_language": "es",
      "original_title": "Objetos",
      "overview": "Mario travaille à Madrid au bureau des objets trouvés. Un jour, on lui remet une valise trouvée au fond d’une rivière. À l’intérieur, Mario trouve des vêtements et des ossements d’enfants. La police n’étant pas résolue à enquêter, il décide alors de mener ses propres recherches, au péril de sa vie.",
      "popularity": 12.895,
      "poster_path": "/tHWbsV9IalsoxJKQJno1eyOK3rZ.jpg",
      "release_date": "2023-05-24",
      "title": "La maleta",
      "video": false,
      "vote_average": 6.2,
      "vote_count": 32,
    },
    {
      "adult": false,
      "backdrop_path": "/kSRpRfZJvn3NgRVm3kzmURWT9zg.jpg",
      "genre_ids": [
        18,
        16,
      ],
      "id": 963047,
      "original_language": "ru",
      "original_title": "Сказка",
      "overview": "Il était une fois 2 vagabonds...non ils étaient trois, heu non quatre...et il y en avait d’autres, nombreux et différents. On les vit pendant longtemps, puis quelque chose se passa et ils disparurent. Et durant des années on n’en entendit plus parler. Mais depuis quelques temps, on entend des voix dans la nuit, des fragments de questions, des gémissements... de millions de voix. Cette nuit les tréfonds du ciel se sont ouverts.",
      "popularity": 12.117,
      "poster_path": "/gMeSoOzwymFOoEkj4Hl7mfXY6vr.jpg",
      "release_date": "2023-05-10",
      "title": "Fairytale",
      "video": false,
      "vote_average": 0,
      "vote_count": 0,
    },
    {
      "adult": false,
      "backdrop_path": null,
      "genre_ids": [
        99,
      ],
      "id": 892516,
      "original_language": "en",
      "original_title": "The Wild One",
      "overview": "Petit garçon des Carpates rescapé de la Shoah, metteur en scène à succès, poumon de l’Actors Studio, protégé d’Hollywood mais aussi exilé, conspué, oublié, Jack Garfein a vécu plusieurs vies. The Wild One nous fait découvrir la vision d’un homme dont la vie entière fut tournée vers l’idée que la création artistique est un acte de survie.",
      "popularity": 15.394,
      "poster_path": "/6t8M20sdnQRjD5PQZd0FHOcX77m.jpg",
      "release_date": "2023-05-10",
      "title": "The Wild One",
      "video": false,
      "vote_average": 0,
      "vote_count": 0,
    },
  ],
  "total_pages": 3,
  "total_results": 52,
}
`;

exports[`init server > queries movies > Returns the top rated movies on TMDB 1`] = `
{
  "page": 1,
  "results": [
    {
      "adult": false,
      "backdrop_path": "/tmU7GeKVybMWFButWEGl2M4GeiP.jpg",
      "genre_ids": [
        18,
        80,
      ],
      "id": 238,
      "original_language": "en",
      "original_title": "The Godfather",
      "overview": "La Seconde Guerre mondiale vient de s'achever. À New York, le « parrain » Don Corleone, l'un des chefs respectés de la mafia, se sent vieillir. Il refuse de s'adapter à son temps et de se lancer, comme ses pairs, dans le trafic de drogue. Une frilosité qui entrave la bonne marche des affaires des autres « familles » et qui lui vaut d'être la cible d'un attentat. Don Corleone survit à ses blessures, mais reste très diminué. Mike, son plus jeune fils, qui jusque-là se tenait à l'écart des affaires de son père, devient le plus dévoué de ses héritiers. Plus efficace que ses frères, Sonny et Fredo, il venge son père et organise l'élimination de ses adversaires…",
      "popularity": 114.774,
      "poster_path": "/wnDNKCeBQzioXYQrXcSyrmRHVxf.jpg",
      "release_date": "2022-02-25",
      "title": "Le Parrain",
      "video": false,
      "vote_average": 8.7,
      "vote_count": 17855,
    },
    {
      "adult": false,
      "backdrop_path": "/kXfqcdQKsToO0OUXHcrrNCHDBzO.jpg",
      "genre_ids": [
        18,
        80,
      ],
      "id": 278,
      "original_language": "en",
      "original_title": "The Shawshank Redemption",
      "overview": "En 1947, Andy Dufresne, un jeune banquier, est condamné à la prison à vie pour le meurtre de sa femme et de son amant. Ayant beau clamer son innocence, il est emprisonné à Shawshank, le pénitencier le plus sévère de l'État du Maine. Il y fait la rencontre de Red, un noir désabusé, détenu depuis vingt ans. Commence alors une grande histoire d'amitié entre les deux hommes…",
      "popularity": 90.925,
      "poster_path": "/xqfTE9FjwD5vS1A6QnyoMdPQUvh.jpg",
      "release_date": "1995-03-01",
      "title": "Les Évadés",
      "video": false,
      "vote_average": 8.7,
      "vote_count": 23711,
    },
    {
      "adult": false,
      "backdrop_path": "/oo4PVK6AyLZN49BokxDFGyclN86.jpg",
      "genre_ids": [
        18,
        80,
      ],
      "id": 240,
      "original_language": "en",
      "original_title": "The Godfather Part II",
      "overview": "Depuis la mort de Don Vito Corleone, son fils Michael règne sur la famille. Amené à négocier avec la mafia juive, il perd alors le soutien d'un de ses lieutenants, Frankie Pentageli. Échappant de justesse à un attentat, Michael tente de retrouver le coupable.",
      "popularity": 54.944,
      "poster_path": "/chMfGLOf5EMz0o10Duukmb9oj0P.jpg",
      "release_date": "2022-02-23",
      "title": "Le Parrain, 2e partie",
      "video": false,
      "vote_average": 8.6,
      "vote_count": 10801,
    },
    {
      "adult": false,
      "backdrop_path": "/zb6fM1CX41D9rF9hdgclu0peUmy.jpg",
      "genre_ids": [
        18,
        36,
        10752,
      ],
      "id": 424,
      "original_language": "en",
      "original_title": "Schindler's List",
      "overview": "Évocation des années de guerre d’Oskar Schindler, fils d’industriel d’origine autrichienne rentré à Cracovie en 1939 avec les troupes allemandes. Il va, tout au long de la guerre, protéger des juifs en les faisant travailler dans sa fabrique et en 1944 sauver 800 hommes et 300 femmes du camp d’extermination d’Auschwitz‐Birkenau.",
      "popularity": 55.735,
      "poster_path": "/vHgf8NE7tXV4DJPEnqVLZDof8fT.jpg",
      "release_date": "1994-03-02",
      "title": "La Liste de Schindler",
      "video": false,
      "vote_average": 8.6,
      "vote_count": 14026,
    },
    {
      "adult": false,
      "backdrop_path": "/vI3aUGTuRRdM7J78KIdW98LdxE5.jpg",
      "genre_ids": [
        35,
        18,
        10749,
      ],
      "id": 19404,
      "original_language": "hi",
      "original_title": "दिलवाले दुल्हनिया ले जायेंगे",
      "overview": "Chaudhry Baldev Singh est un père de famille installé à Londres. Un jour, il reçoit une lettre d'Inde : son meilleur ami lui écrit, lui rappellant la promesse qu'il avait faite deux décennies auparavant de marier leurs enfants. Chaudhry décide alors de tenir sa promesse, mais donne toutefois un mois libre à sa fille tout avant qu'elle ne s'en aille en Inde se marier...",
      "popularity": 23.084,
      "poster_path": "/2CAL2433ZeIihfX1Hb2139CX0pW.jpg",
      "release_date": "2006-04-19",
      "title": "Dilwale Dulhania Le Jayenge",
      "video": false,
      "vote_average": 8.6,
      "vote_count": 4120,
    },
    {
      "adult": false,
      "backdrop_path": "/Ab8mkHmkYADjU7wQiOkia9BzGvS.jpg",
      "genre_ids": [
        16,
        10751,
        14,
      ],
      "id": 129,
      "original_language": "ja",
      "original_title": "千と千尋の神隠し",
      "overview": "Chihiro, 10 ans, a tout d’une petite fille capricieuse. Elle s’apprête à emménager avec ses parents dans une nouvelle demeure. Sur la route, la petite famille se retrouve face à un immense bâtiment rouge au centre duquel s’ouvre un long tunnel. De l’autre côté du passage se dresse une ville fantôme. Les parents découvrent dans un restaurant désert de nombreux mets succulents et ne tardent pas à se jeter dessus. Ils se retrouvent alors transformés en cochons. Prise de panique, Chihiro s’enfuit et se dématérialise progressivement. L’énigmatique Haku se charge de lui expliquer le fonctionnement de l’univers dans lequel elle vient de pénétrer. Pour sauver ses parents, la fillette va devoir faire face à la terrible sorcière Yubaba, qui arbore les traits d’une harpie méphistophélique.",
      "popularity": 93.211,
      "poster_path": "/12TAqK0AUgdcYE9ZYZ9r7ASbH5Q.jpg",
      "release_date": "2002-04-10",
      "title": "Le Voyage de Chihiro",
      "video": false,
      "vote_average": 8.5,
      "vote_count": 14243,
    },
    {
      "adult": false,
      "backdrop_path": "/jBIMZ0AlUYuFNsKbd4L6FojWMoy.jpg",
      "genre_ids": [
        16,
        35,
        10749,
      ],
      "id": 820067,
      "original_language": "ja",
      "original_title": "映画 五等分の花嫁",
      "overview": "Le tuteur adolescent Fuutaro Uesugi doit enfin choisir entre les 5 sœurs Nakano, qui ont toutes des sentiments pour lui, lors du prochain festival culturel de l'école; l'événement qui conduira à son mariage avec l'une d'elles.",
      "popularity": 358.59,
      "poster_path": "/lCHSrRVXTyijqLilLWt3F19mqF4.jpg",
      "release_date": "2022-11-03",
      "title": "The Quintessential Quintuplets : the Movie",
      "video": false,
      "vote_average": 8.6,
      "vote_count": 232,
    },
    {
      "adult": false,
      "backdrop_path": "/tj6iPnz18hGfr0LKqWmG6Cp3niO.jpg",
      "genre_ids": [
        18,
      ],
      "id": 389,
      "original_language": "en",
      "original_title": "12 Angry Men",
      "overview": "Un jeune homme d'origine modeste est accusé du meurtre de son père et risque la peine de mort. Le jury composé de douze hommes se retire pour délibérer et procède immédiatement à un vote : onze votent coupable, or la décision doit être prise à l'unanimité. Le juré qui a voté non-coupable, sommé de se justifier, explique qu'il a un doute et que la vie d'un homme mérite quelques heures de discussion. Il s'emploie alors à les convaincre un par un.",
      "popularity": 36.691,
      "poster_path": "/bPImGSvZtG2tvsJ9bVLrIECRDnB.jpg",
      "release_date": "1957-09-04",
      "title": "Douze Hommes en colère",
      "video": false,
      "vote_average": 8.5,
      "vote_count": 7238,
    },
    {
      "adult": false,
      "backdrop_path": "/dIWwZW7dJJtqC6CgWzYkNVKIUm8.jpg",
      "genre_ids": [
        10749,
        16,
        18,
      ],
      "id": 372058,
      "original_language": "ja",
      "original_title": "君の名は。",
      "overview": "Mitsuha est une lycéenne, la fille du maire d'une petite ville nichée entre les montagnes. Vivant avec sa petite sœur et sa grand-mère, c'est une demoiselle franche qui n'hésite pas à dire qu'elle n'a pas envie de participer aux rituels shinto, ou d'aider son père dans ses campagnes électorales. En fait, elle rêve de pouvoir quitter cette ville où elle s'ennuie, pour partir tenter sa chance à la capitale. Taki est un lycéen, un tokyoïte qui travaille à mi-temps dans un restaurant italien, tout en aspirant à des études d'architecture ou dans les Beaux-Arts. Chaque nuit, il fait un rêve étrange, où il devient... une lycéenne campagnarde, vivant dans une petite ville entre les montagnes.  Quel secret se cache derrière ces rêves mutuels, qui unissent ces deux êtres qui ne se sont jamais rencontrés ?",
      "popularity": 163.265,
      "poster_path": "/zyHjvVRgKOt9wgVx4ikp2kGArGF.jpg",
      "release_date": "2016-12-28",
      "title": "Your Name.",
      "video": false,
      "vote_average": 8.5,
      "vote_count": 9773,
    },
    {
      "adult": false,
      "backdrop_path": "/hiKmpZMGZsrkA3cdce8a7Dpos1j.jpg",
      "genre_ids": [
        35,
        53,
        18,
      ],
      "id": 496243,
      "original_language": "ko",
      "original_title": "기생충",
      "overview": "Toute la famille de Ki-taek est au chômage. Elle s’intéresse particulièrement au train de vie de la richissime famille Park. Mais un incident se produit et les deux familles se retrouvent mêlées, sans le savoir, à une bien étrange histoire…",
      "popularity": 66.897,
      "poster_path": "/7hLSzZX2jROmEXz2aEoh6JKUFy2.jpg",
      "release_date": "2019-06-05",
      "title": "Parasite",
      "video": false,
      "vote_average": 8.5,
      "vote_count": 15671,
    },
    {
      "adult": false,
      "backdrop_path": "/dqK9Hag1054tghRQSqLSfrkvQnA.jpg",
      "genre_ids": [
        18,
        28,
        80,
        53,
      ],
      "id": 155,
      "original_language": "en",
      "original_title": "The Dark Knight",
      "overview": "La suite de Batman Begins, The Dark Knight, le réalisateur Christopher Nolan et l'acteur Christian Bale, qui endosse à nouveau le rôle de Batman/Bruce Wayne dans sa guerre permanente contre le crime. Avec l'aide du Lieutenant de Police Jim Gordon et du Procureur Harvey Dent, Batman entreprend de démanteler définitivement les organisations criminelles de Gotham. L'association s'avère efficace, mais le trio se heurte bientôt à un nouveau génie du crime, plus connu sous le nom du Joker, qui va plonger Gotham dans l'anarchie et pousser Batman à la limite entre héros et assassin. Heath Ledger interprète Le Joker : le méchant suprême et Aaron Eckhart joue le rôle de Dent. Maggie Gyllenhaal complète le casting en tant que Rachel Dawes. De retour après Batman Begins, Gary Oldman est à nouveau Gordon, Michael Caine interprète Alfred, et Morgan Freeman est Lucius Fox.",
      "popularity": 85.531,
      "poster_path": "/pyNXnq8QBWoK3b37RS6C3axwUOy.jpg",
      "release_date": "2008-08-13",
      "title": "The Dark Knight : Le Chevalier noir",
      "video": false,
      "vote_average": 8.5,
      "vote_count": 29631,
    },
    {
      "adult": false,
      "backdrop_path": "/vxJ08SvwomfKbpboCWynC3uqUg4.jpg",
      "genre_ids": [
        14,
        18,
        80,
      ],
      "id": 497,
      "original_language": "en",
      "original_title": "The Green Mile",
      "overview": "Paul Edgecomb, pensionnaire centenaire d’une maison de retraite, est hanté par ses souvenirs. Gardien-chef du pénitencier de Cold Mountain en 1935, il était chargé de veiller au bon déroulement des exécutions des peines capitales, en s’efforçant d’adoucir les derniers moments des condamnés. Parmi eux, se trouvait un colosse du nom de John Coffey, accusé du viol et du meurtre de deux fillettes. Intrigué par cet homme candide et timide, aux dons magiques, Edgecomb va tisser avec lui des liens très forts.",
      "popularity": 70.701,
      "poster_path": "/mVGSetYx6kmJCf4T8YOYs1z6M00.jpg",
      "release_date": "2000-03-01",
      "title": "La Ligne verte",
      "video": false,
      "vote_average": 8.5,
      "vote_count": 15355,
    },
    {
      "adult": false,
      "backdrop_path": "/suaEOtk1N1sgg2MTM7oZd2cfVp3.jpg",
      "genre_ids": [
        53,
        80,
      ],
      "id": 680,
      "original_language": "en",
      "original_title": "Pulp Fiction",
      "overview": "L’odyssée sanglante et burlesque de petits malfrats dans la jungle d’Hollywood : Deux petits tueurs, un dangereux gangster marié à une camée, un boxeur roublard, des prêteurs sur gages sadiques, un caïd élégant et dévoué, un dealer bon mari et deux tourtereaux à la gâchette facile.",
      "popularity": 67.251,
      "poster_path": "/4TBdF7nFw2aKNM0gPOlDNq3v3se.jpg",
      "release_date": "1994-10-26",
      "title": "Pulp Fiction",
      "video": false,
      "vote_average": 8.5,
      "vote_count": 25100,
    },
    {
      "adult": false,
      "backdrop_path": "/eoCSp75lxatmIa6aGqfnzwtbttd.jpg",
      "genre_ids": [
        37,
      ],
      "id": 429,
      "original_language": "it",
      "original_title": "Il buono, il brutto, il cattivo",
      "overview": "Pendant la guerre de Sécession, Tuco et Joe se lancent à la recherche d'un coffre contenant 200 000 dollars en pièces d'or volés à l'armée sudiste. Ayant des indices complémentaires sur la cache, chacun a besoin de l'autre. Mais un troisième homme entre dans la course : Sentenza, un tueur qui ne recule devant rien pour parvenir à ses fins.",
      "popularity": 54.139,
      "poster_path": "/qEr65B4yGlsmLQjcM0xjSUMfZS2.jpg",
      "release_date": "1968-03-08",
      "title": "Le Bon, la Brute et le Truand",
      "video": false,
      "vote_average": 8.5,
      "vote_count": 7362,
    },
    {
      "adult": false,
      "backdrop_path": "/3h1JZGDhZ8nzxdgvkxha0qBqi05.jpg",
      "genre_ids": [
        35,
        18,
        10749,
      ],
      "id": 13,
      "original_language": "en",
      "original_title": "Forrest Gump",
      "overview": "Durant trois décennies particulièrement agitées, Forrest Gump vit une série d'aventures le propulsant de l'état de handicapé physique à celui de star du football, de héros du Vietnam au roi de la crevette, des honneurs de la Maison Blanche au bonheur d'une grande histoire d'amour. Forrest est le symbole d'une époque, un candide dans une Amérique qui a perdu son innocence. Son cœur dépasse les limites de son QI…",
      "popularity": 58.141,
      "poster_path": "/A0Th0x8QIzP0njrFAJnYQ5ouIoB.jpg",
      "release_date": "1994-10-05",
      "title": "Forrest Gump",
      "video": false,
      "vote_average": 8.5,
      "vote_count": 24582,
    },
    {
      "adult": false,
      "backdrop_path": "/pm0RiwNpSja8gR0BTWpxo5a9Bbl.jpg",
      "genre_ids": [
        12,
        14,
        28,
      ],
      "id": 122,
      "original_language": "en",
      "original_title": "The Lord of the Rings: The Return of the King",
      "overview": "Les armées de Sauron ont attaqué Minas Tirith, la capitale de Gondor. Jamais ce royaume autrefois puissant n'a eu autant besoin de son roi. Mais Aragorn trouvera-t-il en lui la volonté d'accomplir sa destinée ? Tandis que Gandalf tente de soutenir les forces brisées de Gondor, Théoden exhorte les guerriers de Rohan à se joindre au combat.  Mais malgré leur courage et leur loyauté, les armées des Hommes ne sont pas de taille à lutter contre les innombrables légions ennemies qui s'abattent sur la Terre du Milieu... Chaque victoire se paye d'immenses sacrifices. Pendant ce temps et malgré ses pertes, la Communauté poursuit sa quête, ses membres faisant tout pour détourner l'attention de Sauron afin de donner à Frodon une chance d'accomplir sa mission. Voyageant à travers les terres ennemies, ce dernier doit s'appuyer sur Sam et Gollum, tandis que l'Anneau continue de le tenter ...",
      "popularity": 68.136,
      "poster_path": "/ypUCFOvOf07bcHy81jng9LyMUfi.jpg",
      "release_date": "2003-12-17",
      "title": "Le Seigneur des anneaux : Le Retour du roi",
      "video": false,
      "vote_average": 8.5,
      "vote_count": 21536,
    },
    {
      "adult": false,
      "backdrop_path": "/wxaBkuqVIgImjRHEMJoxL9Lq6i8.jpg",
      "genre_ids": [
        16,
        10751,
        12,
        14,
      ],
      "id": 995133,
      "original_language": "en",
      "original_title": "The Boy, the Mole, the Fox and the Horse",
      "overview": "Un garçon, une taupe, un renard et un cheval se lient d'amitié et voyagent ensemble, à la recherche d'un foyer pour le garçon.",
      "popularity": 21.024,
      "poster_path": "/4E9RzdRAx6ZlemBEW4IL9yl6JHb.jpg",
      "release_date": "2022-12-26",
      "title": "L'enfant, la taupe, le renard et le cheval",
      "video": false,
      "vote_average": 8.5,
      "vote_count": 312,
    },
    {
      "adult": false,
      "backdrop_path": "/sw7mordbZxgITU877yTpZCud90M.jpg",
      "genre_ids": [
        18,
        80,
      ],
      "id": 769,
      "original_language": "en",
      "original_title": "GoodFellas",
      "overview": "Brooklyn, dans les années 50. Depuis l'enfance, le jeune Henry Hill rêve de devenir gangster. À 16 ans, il se met en selle auprès de Paul Cicero, un caïd local, et commet ses premiers délits. Arrêté et interrogé, il refuse de parler et gagne ainsi le respect du milieu. À sa sortie de prison, il fait la connaissance de James Conway et de Tommy DeVito, deux truands d'une extrême violence, et se lance avec eux dans des trafics de grande envergure. Karen, une jeune bourgeoise qu'il courtise et finit par épouser, ne devine sa profession qu'après être passée devant l'officier d'état-civil. Grisé par le succès, Henry multiplie les coups les plus audacieux...",
      "popularity": 44.301,
      "poster_path": "/v4c6WMVqUlSJHMyjHNj72iTFGhm.jpg",
      "release_date": "1990-09-12",
      "title": "Les Affranchis",
      "video": false,
      "vote_average": 8.5,
      "vote_count": 11221,
    },
    {
      "adult": false,
      "backdrop_path": "/qvZ91FwMq6O47VViAr8vZNQz3WI.jpg",
      "genre_ids": [
        28,
        18,
      ],
      "id": 346,
      "original_language": "ja",
      "original_title": "七人の侍",
      "overview": "Au XVIème siècle, au Japon, des paysans décident d'embaucher des samouraïs pour protéger leur village, et en trouvent sept. Ces hommes organisent la défense du village contre quarante brigands.",
      "popularity": 26.662,
      "poster_path": "/itaaGjeYL5ZzufV8BOxkTYQxx4K.jpg",
      "release_date": "1955-11-29",
      "title": "Les Sept Samouraïs",
      "video": false,
      "vote_average": 8.5,
      "vote_count": 3030,
    },
    {
      "adult": false,
      "backdrop_path": "/zoVeIgKzGJzpdG6Gwnr7iOYfIMU.jpg",
      "genre_ids": [
        18,
        10749,
      ],
      "id": 11216,
      "original_language": "it",
      "original_title": "Nuovo Cinema Paradiso",
      "overview": "Alfredo vient de mourir. Pour Salvatore, cinéaste en vogue, c’est tout un pan de son passé qui s’écroule. On l’appelait Toto a l’époque. Il partageait son temps libre entre l’office où il était enfant de chœur et la salle de cinéma paroissiale, en particulier la cabine de projection où régnait Alfredo.",
      "popularity": 20.379,
      "poster_path": "/ywJsnH7BmM6GmugCvN6ZjIfgSHv.jpg",
      "release_date": "1989-09-20",
      "title": "Cinéma Paradiso",
      "video": false,
      "vote_average": 8.5,
      "vote_count": 3733,
    },
  ],
  "total_pages": 447,
  "total_results": 8936,
}
`;
