// Vitest Snapshot v1, https://vitest.dev/guide/snapshot.html

exports[`init server > Queries persons > Returns a person's information 1`] = `
{
  "adult": false,
  "also_known_as": [
    "Mark Hamil",
    "Mark Richard Hamill",
    "Марк Хэмилл",
    "Μαρκ Χάμιλ",
    "マーク・ハミル",
    "마크 해밀",
    "Patrick Williams",
    "William M. Patrick",
    "马克哈米尔",
    "馬克哈米爾",
  ],
  "biography": "Mark Hamill est un acteur américain, né le 25 septembre 1951 à Oakland (Californie). Il est célèbre pour avoir tenu le rôle de Luke Skywalker dans la saga Star Wars et pour avoir doublé le Joker à de nombreuses occasions.",
  "birthday": "1951-09-25",
  "deathday": null,
  "gender": "2",
  "homepage": null,
  "id": 2,
  "imdb_id": "nm0000434",
  "known_for_department": "Acting",
  "name": "Mark Hamill",
  "place_of_birth": "Oakland, California, USA",
  "popularity": 29.414,
  "profile_path": "/2ZulC2Ccq1yv3pemusks6Zlfy2s.jpg",
}
`;

exports[`init server > Queries persons > returns a person's information as an actor for each movie they starred in 1`] = `
{
  "cast": [
    {
      "adult": false,
      "cast_id": null,
      "character": "Luke Skywalker",
      "credit_id": "52fe420dc3a36847f8000441",
      "gender": null,
      "id": 11,
      "known_for_department": null,
      "name": null,
      "order": 0,
      "original_name": null,
      "popularity": null,
      "profile_path": null,
    },
    {
      "adult": false,
      "cast_id": null,
      "character": "Luke Skywalker",
      "credit_id": "52fe431ec3a36847f803bb6b",
      "gender": null,
      "id": 1891,
      "known_for_department": null,
      "name": null,
      "order": 0,
      "original_name": null,
      "popularity": null,
      "profile_path": null,
    },
    {
      "adult": false,
      "cast_id": null,
      "character": "Luke Skywalker",
      "credit_id": "52fe431ec3a36847f803bc13",
      "gender": null,
      "id": 1892,
      "known_for_department": null,
      "name": null,
      "order": 0,
      "original_name": null,
      "popularity": null,
      "profile_path": null,
    },
    {
      "adult": false,
      "cast_id": null,
      "character": "Will Tasker",
      "credit_id": "52fe443ec3a368484e017f69",
      "gender": null,
      "id": 22379,
      "known_for_department": null,
      "name": null,
      "order": 0,
      "original_name": null,
      "popularity": null,
      "profile_path": null,
    },
    {
      "adult": false,
      "cast_id": null,
      "character": "Alighiero",
      "credit_id": "52fe44ad9251416c91019003",
      "gender": null,
      "id": 31967,
      "known_for_department": null,
      "name": null,
      "order": 0,
      "original_name": null,
      "popularity": null,
      "profile_path": null,
    },
    {
      "adult": false,
      "cast_id": null,
      "character": "Donald Swan",
      "credit_id": "52fe44dcc3a368484e03b029",
      "gender": null,
      "id": 25757,
      "known_for_department": null,
      "name": null,
      "order": 0,
      "original_name": null,
      "popularity": null,
      "profile_path": null,
    },
    {
      "adult": false,
      "cast_id": null,
      "character": "Kenneth W. Dantley Jr.",
      "credit_id": "52fe4533c3a368484e04dc99",
      "gender": null,
      "id": 27201,
      "known_for_department": null,
      "name": null,
      "order": 0,
      "original_name": null,
      "popularity": null,
      "profile_path": null,
    },
    {
      "adult": false,
      "cast_id": null,
      "character": "Simon Weir (voice)",
      "credit_id": "52fe45d09251416c75063689",
      "gender": null,
      "id": 14152,
      "known_for_department": null,
      "name": null,
      "order": 0,
      "original_name": null,
      "popularity": null,
      "profile_path": null,
    },
    {
      "adult": false,
      "cast_id": null,
      "character": "Michael Raynor",
      "credit_id": "52fe475fc3a36847f81321fb",
      "gender": null,
      "id": 48315,
      "known_for_department": null,
      "name": null,
      "order": 0,
      "original_name": null,
      "popularity": null,
      "profile_path": null,
    },
    {
      "adult": false,
      "cast_id": null,
      "character": "Luke Skywalker",
      "credit_id": "52fe48e1c3a368484e10fbd3",
      "gender": null,
      "id": 74849,
      "known_for_department": null,
      "name": null,
      "order": 0,
      "original_name": null,
      "popularity": null,
      "profile_path": null,
    },
    {
      "adult": false,
      "cast_id": null,
      "character": "Narrator (voice)",
      "credit_id": "52fe4ab99251416c750ebde3",
      "gender": null,
      "id": 141559,
      "known_for_department": null,
      "name": null,
      "order": 0,
      "original_name": null,
      "popularity": null,
      "profile_path": null,
    },
    {
      "adult": false,
      "cast_id": null,
      "character": "Murphy",
      "credit_id": "5473c212c3a368688c000294",
      "gender": null,
      "id": 100557,
      "known_for_department": null,
      "name": null,
      "order": 0,
      "original_name": null,
      "popularity": null,
      "profile_path": null,
    },
    {
      "adult": false,
      "cast_id": null,
      "character": "Older Joshua (voice)",
      "credit_id": "5544dfeac3a3680cd5004544",
      "gender": null,
      "id": 154706,
      "known_for_department": null,
      "name": null,
      "order": 0,
      "original_name": null,
      "popularity": null,
      "profile_path": null,
    },
    {
      "adult": false,
      "cast_id": null,
      "character": "Luke Skywalker / Dobbu Scay (voice)",
      "credit_id": "5679cdd4c3a3685bbf000206",
      "gender": null,
      "id": 181808,
      "known_for_department": null,
      "name": null,
      "order": 0,
      "original_name": null,
      "popularity": null,
      "profile_path": null,
    },
    {
      "adult": false,
      "cast_id": null,
      "character": "The Trickster / Sinestro (voice)",
      "credit_id": "55c5fa17c3a368369a0000c0",
      "gender": null,
      "id": 353595,
      "known_for_department": null,
      "name": null,
      "order": 0,
      "original_name": null,
      "popularity": null,
      "profile_path": null,
    },
    {
      "adult": false,
      "cast_id": null,
      "character": "Self",
      "credit_id": "5691aaadc3a3684cf6000161",
      "gender": null,
      "id": 376798,
      "known_for_department": null,
      "name": null,
      "order": 0,
      "original_name": null,
      "popularity": null,
      "profile_path": null,
    },
    {
      "adult": false,
      "cast_id": null,
      "character": "",
      "credit_id": "5858d80fc3a368258c06003c",
      "gender": null,
      "id": 430981,
      "known_for_department": null,
      "name": null,
      "order": 0,
      "original_name": null,
      "popularity": null,
      "profile_path": null,
    },
    {
      "adult": false,
      "cast_id": null,
      "character": "Host",
      "credit_id": "5a70828a925141375100ec62",
      "gender": null,
      "id": 501892,
      "known_for_department": null,
      "name": null,
      "order": 0,
      "original_name": null,
      "popularity": null,
      "profile_path": null,
    },
    {
      "adult": false,
      "cast_id": null,
      "character": "Narrator (voice)",
      "credit_id": "5ac2a59d0e0a260c2a028628",
      "gender": null,
      "id": 515738,
      "known_for_department": null,
      "name": null,
      "order": 0,
      "original_name": null,
      "popularity": null,
      "profile_path": null,
    },
    {
      "adult": false,
      "cast_id": null,
      "character": "Narrator (voice)",
      "credit_id": "5b4d2b589251417d20043d66",
      "gender": null,
      "id": 171118,
      "known_for_department": null,
      "name": null,
      "order": 0,
      "original_name": null,
      "popularity": null,
      "profile_path": null,
    },
    {
      "adult": false,
      "cast_id": null,
      "character": "Josh Payton",
      "credit_id": "5c9d5b610e0a260a1ad96422",
      "gender": null,
      "id": 591580,
      "known_for_department": null,
      "name": null,
      "order": 0,
      "original_name": null,
      "popularity": null,
      "profile_path": null,
    },
    {
      "adult": false,
      "cast_id": null,
      "character": "Host / Luke Skywalker",
      "credit_id": "5dcc7657b76cbb001372b558",
      "gender": null,
      "id": 72803,
      "known_for_department": null,
      "name": null,
      "order": 0,
      "original_name": null,
      "popularity": null,
      "profile_path": null,
    },
    {
      "adult": false,
      "cast_id": null,
      "character": "Dennis (voice)",
      "credit_id": "5dd636e8af85de00137d5a4f",
      "gender": null,
      "id": 649341,
      "known_for_department": null,
      "name": null,
      "order": 0,
      "original_name": null,
      "popularity": null,
      "profile_path": null,
    },
    {
      "adult": false,
      "cast_id": null,
      "character": "Self",
      "credit_id": "5f5e022e688cd0003af6bc03",
      "gender": null,
      "id": 170633,
      "known_for_department": null,
      "name": null,
      "order": 0,
      "original_name": null,
      "popularity": null,
      "profile_path": null,
    },
    {
      "adult": false,
      "cast_id": null,
      "character": "Luke Skywalker (voice)",
      "credit_id": "606794f29408ec00587d1654",
      "gender": null,
      "id": 806789,
      "known_for_department": null,
      "name": null,
      "order": 0,
      "original_name": null,
      "popularity": null,
      "profile_path": null,
    },
    {
      "adult": false,
      "cast_id": null,
      "character": "Narrator (voice)",
      "credit_id": "610d330f5bce9e0075a50bbb",
      "gender": null,
      "id": 858533,
      "known_for_department": null,
      "name": null,
      "order": 0,
      "original_name": null,
      "popularity": null,
      "profile_path": null,
    },
    {
      "adult": false,
      "cast_id": null,
      "character": "Lamar N. Benfield",
      "credit_id": "52fe44ba9251416c9101ad39",
      "gender": null,
      "id": 32090,
      "known_for_department": null,
      "name": null,
      "order": 1,
      "original_name": null,
      "popularity": null,
      "profile_path": null,
    },
    {
      "adult": false,
      "cast_id": null,
      "character": "Self, Narrator",
      "credit_id": "52fe45b59251416c9103bb9d",
      "gender": null,
      "id": 35795,
      "known_for_department": null,
      "name": null,
      "order": 1,
      "original_name": null,
      "popularity": null,
      "profile_path": null,
    },
    {
      "adult": false,
      "cast_id": null,
      "character": "Peter Froehlich",
      "credit_id": "52fe45efc3a368484e077805",
      "gender": null,
      "id": 29645,
      "known_for_department": null,
      "name": null,
      "order": 1,
      "original_name": null,
      "popularity": null,
      "profile_path": null,
    },
    {
      "adult": false,
      "cast_id": null,
      "character": "The Skull (voice)",
      "credit_id": "52fe461ec3a368484e07fdd9",
      "gender": null,
      "id": 60293,
      "known_for_department": null,
      "name": null,
      "order": 1,
      "original_name": null,
      "popularity": null,
      "profile_path": null,
    },
    {
      "adult": false,
      "cast_id": null,
      "character": "Crow",
      "credit_id": "52fe462ac3a368484e082377",
      "gender": null,
      "id": 60540,
      "known_for_department": null,
      "name": null,
      "order": 1,
      "original_name": null,
      "popularity": null,
      "profile_path": null,
    },
    {
      "adult": false,
      "cast_id": null,
      "character": "Max Reed",
      "credit_id": "52fe46319251416c7507048f",
      "gender": null,
      "id": 15026,
      "known_for_department": null,
      "name": null,
      "order": 1,
      "original_name": null,
      "popularity": null,
      "profile_path": null,
    },
    {
      "adult": false,
      "cast_id": null,
      "character": "Walter (voice)",
      "credit_id": "5490ff559251411226000468",
      "gender": null,
      "id": 312100,
      "known_for_department": null,
      "name": null,
      "order": 1,
      "original_name": null,
      "popularity": null,
      "profile_path": null,
    },
    {
      "adult": false,
      "cast_id": null,
      "character": "Griff",
      "credit_id": "52fe46a49251416c7507ed05",
      "gender": null,
      "id": 16121,
      "known_for_department": null,
      "name": null,
      "order": 1,
      "original_name": null,
      "popularity": null,
      "profile_path": null,
    },
    {
      "adult": false,
      "cast_id": null,
      "character": "Judah (voice)",
      "credit_id": "52fe46cb9251416c75083c25",
      "gender": null,
      "id": 16366,
      "known_for_department": null,
      "name": null,
      "order": 1,
      "original_name": null,
      "popularity": null,
      "profile_path": null,
    },
    {
      "adult": false,
      "cast_id": null,
      "character": "Luke Skywalker",
      "credit_id": "52fe4a959251416c750e7133",
      "gender": null,
      "id": 140607,
      "known_for_department": null,
      "name": null,
      "order": 1,
      "original_name": null,
      "popularity": null,
      "profile_path": null,
    },
    {
      "adult": false,
      "cast_id": null,
      "character": "Brad Travis",
      "credit_id": "52fe4aabc3a368484e160eeb",
      "gender": null,
      "id": 124428,
      "known_for_department": null,
      "name": null,
      "order": 1,
      "original_name": null,
      "popularity": null,
      "profile_path": null,
    },
    {
      "adult": false,
      "cast_id": null,
      "character": "James Jesse / The Trickster",
      "credit_id": "52fe4df69251416c75146c53",
      "gender": null,
      "id": 222619,
      "known_for_department": null,
      "name": null,
      "order": 1,
      "original_name": null,
      "popularity": null,
      "profile_path": null,
    },
    {
      "adult": false,
      "cast_id": null,
      "character": "Self",
      "credit_id": "533598c3925141445d004961",
      "gender": null,
      "id": 261760,
      "known_for_department": null,
      "name": null,
      "order": 1,
      "original_name": null,
      "popularity": null,
      "profile_path": null,
    },
    {
      "adult": false,
      "cast_id": null,
      "character": "Himself",
      "credit_id": "533fca8fc3a36830c5000cfd",
      "gender": null,
      "id": 263102,
      "known_for_department": null,
      "name": null,
      "order": 1,
      "original_name": null,
      "popularity": null,
      "profile_path": null,
    },
    {
      "adult": false,
      "cast_id": null,
      "character": "Ted Mitchum",
      "credit_id": "576cc421c3a3682fe0003910",
      "gender": null,
      "id": 403431,
      "known_for_department": null,
      "name": null,
      "order": 1,
      "original_name": null,
      "popularity": null,
      "profile_path": null,
    },
    {
      "adult": false,
      "cast_id": null,
      "character": "Skips",
      "credit_id": "55d1299792514131a50086ab",
      "gender": null,
      "id": 354857,
      "known_for_department": null,
      "name": null,
      "order": 1,
      "original_name": null,
      "popularity": null,
      "profile_path": null,
    },
    {
      "adult": false,
      "cast_id": null,
      "character": "The Joker (voice)",
      "credit_id": "56bde12c925141734d003684",
      "gender": null,
      "id": 382322,
      "known_for_department": null,
      "name": null,
      "order": 1,
      "original_name": null,
      "popularity": null,
      "profile_path": null,
    },
    {
      "adult": false,
      "cast_id": null,
      "character": "Mr. Salacia / Senator Stampingston (voice)",
      "credit_id": "54f54b2c9251412bac000a6a",
      "gender": null,
      "id": 328407,
      "known_for_department": null,
      "name": null,
      "order": 1,
      "original_name": null,
      "popularity": null,
      "profile_path": null,
    },
    {
      "adult": false,
      "cast_id": null,
      "character": "Justin Mckay",
      "credit_id": "53dbbf8fc3a368432a0000a2",
      "gender": null,
      "id": 31942,
      "known_for_department": null,
      "name": null,
      "order": 1,
      "original_name": null,
      "popularity": null,
      "profile_path": null,
    },
    {
      "adult": false,
      "cast_id": null,
      "character": "Joker",
      "credit_id": "5aff73850e0a263024000c83",
      "gender": null,
      "id": 498471,
      "known_for_department": null,
      "name": null,
      "order": 1,
      "original_name": null,
      "popularity": null,
      "profile_path": null,
    },
    {
      "adult": false,
      "cast_id": null,
      "character": "Himself",
      "credit_id": "5c83560ec3a3684e98d920ab",
      "gender": null,
      "id": 515773,
      "known_for_department": null,
      "name": null,
      "order": 1,
      "original_name": null,
      "popularity": null,
      "profile_path": null,
    },
    {
      "adult": false,
      "cast_id": null,
      "character": "Houlihan (voice)",
      "credit_id": "5c8586580e0a2669995a3470",
      "gender": null,
      "id": 587284,
      "known_for_department": null,
      "name": null,
      "order": 1,
      "original_name": null,
      "popularity": null,
      "profile_path": null,
    },
    {
      "adult": false,
      "cast_id": null,
      "character": "Joker",
      "credit_id": "5d289d65be4b3612f5a18af8",
      "gender": null,
      "id": 550152,
      "known_for_department": null,
      "name": null,
      "order": 1,
      "original_name": null,
      "popularity": null,
      "profile_path": null,
    },
    {
      "adult": false,
      "cast_id": null,
      "character": "Officer Duke (voice)",
      "credit_id": "5ddcb8c94f5801000ff7dcdb",
      "gender": null,
      "id": 523604,
      "known_for_department": null,
      "name": null,
      "order": 1,
      "original_name": null,
      "popularity": null,
      "profile_path": null,
    },
    {
      "adult": false,
      "cast_id": null,
      "character": "Luke Skywalker",
      "credit_id": "5e8671e404b596001771cabe",
      "gender": null,
      "id": 181812,
      "known_for_department": null,
      "name": null,
      "order": 1,
      "original_name": null,
      "popularity": null,
      "profile_path": null,
    },
    {
      "adult": false,
      "cast_id": null,
      "character": "Self (archive footage)",
      "credit_id": "5f6ba442cee2f60035383e24",
      "gender": null,
      "id": 81418,
      "known_for_department": null,
      "name": null,
      "order": 1,
      "original_name": null,
      "popularity": null,
      "profile_path": null,
    },
    {
      "adult": false,
      "cast_id": null,
      "character": "Count (voice)",
      "credit_id": "62228f7f322b2b00439e26d3",
      "gender": null,
      "id": 945958,
      "known_for_department": null,
      "name": null,
      "order": 1,
      "original_name": null,
      "popularity": null,
      "profile_path": null,
    },
    {
      "adult": false,
      "cast_id": null,
      "character": "Griff",
      "credit_id": "62701430d13324113f9bf1db",
      "gender": null,
      "id": 501906,
      "known_for_department": null,
      "name": null,
      "order": 1,
      "original_name": null,
      "popularity": null,
      "profile_path": null,
    },
    {
      "adult": false,
      "cast_id": null,
      "character": "Albert Kreischer",
      "credit_id": "628df942ed2ac2758cf8c23b",
      "gender": null,
      "id": 647250,
      "known_for_department": null,
      "name": null,
      "order": 1,
      "original_name": null,
      "popularity": null,
      "profile_path": null,
    },
    {
      "adult": false,
      "cast_id": null,
      "character": "Ferret (voice)",
      "credit_id": "629c1ddd8d22fc009e11c1ba",
      "gender": null,
      "id": 984030,
      "known_for_department": null,
      "name": null,
      "order": 1,
      "original_name": null,
      "popularity": null,
      "profile_path": null,
    },
    {
      "adult": false,
      "cast_id": null,
      "character": "Bananas (voice)",
      "credit_id": "631239f39408ec007bec525f",
      "gender": null,
      "id": 1019875,
      "known_for_department": null,
      "name": null,
      "order": 1,
      "original_name": null,
      "popularity": null,
      "profile_path": null,
    },
    {
      "adult": false,
      "cast_id": null,
      "character": "Self (archive footage) (uncredited)",
      "credit_id": "63b274282e2b2c00ddacdae5",
      "gender": null,
      "id": 355254,
      "known_for_department": null,
      "name": null,
      "order": 1,
      "original_name": null,
      "popularity": null,
      "profile_path": null,
    },
    {
      "adult": false,
      "cast_id": null,
      "character": "Albie",
      "credit_id": "6459f1aa3fe160017224eefd",
      "gender": null,
      "id": 842924,
      "known_for_department": null,
      "name": null,
      "order": 1,
      "original_name": null,
      "popularity": null,
      "profile_path": null,
    },
    {
      "adult": false,
      "cast_id": null,
      "character": "The Joker / Jordan Pryce (voice)",
      "credit_id": "52fe46ba9251416c75081961",
      "gender": null,
      "id": 16234,
      "known_for_department": null,
      "name": null,
      "order": 2,
      "original_name": null,
      "popularity": null,
      "profile_path": null,
    },
    {
      "adult": false,
      "cast_id": null,
      "character": "Commander Taylor (voice)",
      "credit_id": "52fe46cb9251416c75083b61",
      "gender": null,
      "id": 16364,
      "known_for_department": null,
      "name": null,
      "order": 2,
      "original_name": null,
      "popularity": null,
      "profile_path": null,
    },
    {
      "adult": false,
      "cast_id": null,
      "character": "Conrad",
      "credit_id": "52fe4908c3a368484e117299",
      "gender": null,
      "id": 75596,
      "known_for_department": null,
      "name": null,
      "order": 2,
      "original_name": null,
      "popularity": null,
      "profile_path": null,
    },
    {
      "adult": false,
      "cast_id": null,
      "character": "Johnson",
      "credit_id": "53cfba8fc3a3687771007851",
      "gender": null,
      "id": 283345,
      "known_for_department": null,
      "name": null,
      "order": 2,
      "original_name": null,
      "popularity": null,
      "profile_path": null,
    },
    {
      "adult": false,
      "cast_id": null,
      "character": "Karl, Lee's Father",
      "credit_id": "54b6191b9251412e70000f13",
      "gender": null,
      "id": 317956,
      "known_for_department": null,
      "name": null,
      "order": 2,
      "original_name": null,
      "popularity": null,
      "profile_path": null,
    },
    {
      "adult": false,
      "cast_id": null,
      "character": "Prince Tamino",
      "credit_id": "57379256c3a36805ab001492",
      "gender": null,
      "id": 397390,
      "known_for_department": null,
      "name": null,
      "order": 2,
      "original_name": null,
      "popularity": null,
      "profile_path": null,
    },
    {
      "adult": false,
      "cast_id": null,
      "character": "Bill Thermot",
      "credit_id": "58dbe6cc925141339800e045",
      "gender": null,
      "id": 31569,
      "known_for_department": null,
      "name": null,
      "order": 2,
      "original_name": null,
      "popularity": null,
      "profile_path": null,
    },
    {
      "adult": false,
      "cast_id": null,
      "character": "Robert Minkow",
      "credit_id": "5901736ac3a36810e500675a",
      "gender": null,
      "id": 454648,
      "known_for_department": null,
      "name": null,
      "order": 2,
      "original_name": null,
      "popularity": null,
      "profile_path": null,
    },
    {
      "adult": false,
      "cast_id": null,
      "character": "Self",
      "credit_id": "5ab64048c3a3680a4100a67f",
      "gender": null,
      "id": 513696,
      "known_for_department": null,
      "name": null,
      "order": 2,
      "original_name": null,
      "popularity": null,
      "profile_path": null,
    },
    {
      "adult": false,
      "cast_id": null,
      "character": "",
      "credit_id": "5bb51070c3a36860c3002d75",
      "gender": null,
      "id": 485213,
      "known_for_department": null,
      "name": null,
      "order": 2,
      "original_name": null,
      "popularity": null,
      "profile_path": null,
    },
    {
      "adult": false,
      "cast_id": null,
      "character": "Himself",
      "credit_id": "5d711f6f77c01f1fcf592769",
      "gender": null,
      "id": 628843,
      "known_for_department": null,
      "name": null,
      "order": 2,
      "original_name": null,
      "popularity": null,
      "profile_path": null,
    },
    {
      "adult": false,
      "cast_id": null,
      "character": "Santa Claus (voice)",
      "credit_id": "64330b2031032500e0dd4f6f",
      "gender": null,
      "id": 307650,
      "known_for_department": null,
      "name": null,
      "order": 2,
      "original_name": null,
      "popularity": null,
      "profile_path": null,
    },
    {
      "adult": false,
      "cast_id": null,
      "character": "Bin (voice)",
      "credit_id": "52fe46129251416c7506c2f9",
      "gender": null,
      "id": 14711,
      "known_for_department": null,
      "name": null,
      "order": 3,
      "original_name": null,
      "popularity": null,
      "profile_path": null,
    },
    {
      "adult": false,
      "cast_id": null,
      "character": "Bob Sheridan",
      "credit_id": "52fe4619c3a36847f80ec867",
      "gender": null,
      "id": 42777,
      "known_for_department": null,
      "name": null,
      "order": 3,
      "original_name": null,
      "popularity": null,
      "profile_path": null,
    },
    {
      "adult": false,
      "cast_id": null,
      "character": "Hawkins",
      "credit_id": "52fe47399251416c75091e11",
      "gender": null,
      "id": 17629,
      "known_for_department": null,
      "name": null,
      "order": 3,
      "original_name": null,
      "popularity": null,
      "profile_path": null,
    },
    {
      "adult": false,
      "cast_id": null,
      "character": "Himself",
      "credit_id": "52fe487ac3a368484e0fa67d",
      "gender": null,
      "id": 72694,
      "known_for_department": null,
      "name": null,
      "order": 3,
      "original_name": null,
      "popularity": null,
      "profile_path": null,
    },
    {
      "adult": false,
      "cast_id": null,
      "character": "Malcolm",
      "credit_id": "52fe492b9251416c910a4da5",
      "gender": null,
      "id": 85207,
      "known_for_department": null,
      "name": null,
      "order": 3,
      "original_name": null,
      "popularity": null,
      "profile_path": null,
    },
    {
      "adult": false,
      "cast_id": null,
      "character": "Monk",
      "credit_id": "52fe4c059251416c910ed1c7",
      "gender": null,
      "id": 159124,
      "known_for_department": null,
      "name": null,
      "order": 3,
      "original_name": null,
      "popularity": null,
      "profile_path": null,
    },
    {
      "adult": false,
      "cast_id": null,
      "character": "Bunker (voice)",
      "credit_id": "52fe4c2bc3a368484e1aae8b",
      "gender": null,
      "id": 137200,
      "known_for_department": null,
      "name": null,
      "order": 3,
      "original_name": null,
      "popularity": null,
      "profile_path": null,
    },
    {
      "adult": false,
      "cast_id": null,
      "character": "Wayne Stein",
      "credit_id": "52fe4f1cc3a36847f82be52d",
      "gender": null,
      "id": 246900,
      "known_for_department": null,
      "name": null,
      "order": 3,
      "original_name": null,
      "popularity": null,
      "profile_path": null,
    },
    {
      "adult": false,
      "cast_id": null,
      "character": "Himself",
      "credit_id": "53e08f2dc3a3686c4d00366e",
      "gender": null,
      "id": 285278,
      "known_for_department": null,
      "name": null,
      "order": 3,
      "original_name": null,
      "popularity": null,
      "profile_path": null,
    },
    {
      "adult": false,
      "cast_id": null,
      "character": "Self",
      "credit_id": "56fe5744c3a36821b10023d3",
      "gender": null,
      "id": 388885,
      "known_for_department": null,
      "name": null,
      "order": 3,
      "original_name": null,
      "popularity": null,
      "profile_path": null,
    },
    {
      "adult": false,
      "cast_id": null,
      "character": "Bernard Wallace",
      "credit_id": "5c6b98f8c3a3686fb6dc5381",
      "gender": null,
      "id": 583190,
      "known_for_department": null,
      "name": null,
      "order": 3,
      "original_name": null,
      "popularity": null,
      "profile_path": null,
    },
    {
      "adult": false,
      "cast_id": null,
      "character": "Chucky (voice)",
      "credit_id": "5ca043b4c3a368734a82ec13",
      "gender": null,
      "id": 533642,
      "known_for_department": null,
      "name": null,
      "order": 3,
      "original_name": null,
      "popularity": null,
      "profile_path": null,
    },
    {
      "adult": false,
      "cast_id": null,
      "character": "Paul Swensen",
      "credit_id": "5f76ef5d156cc70036541e8f",
      "gender": null,
      "id": 749007,
      "known_for_department": null,
      "name": null,
      "order": 3,
      "original_name": null,
      "popularity": null,
      "profile_path": null,
    },
    {
      "adult": false,
      "cast_id": null,
      "character": "Luke Skywalker / Markie",
      "credit_id": "5fd7fdaa0f1e58003e2352e9",
      "gender": null,
      "id": 776141,
      "known_for_department": null,
      "name": null,
      "order": 3,
      "original_name": null,
      "popularity": null,
      "profile_path": null,
    },
    {
      "adult": false,
      "cast_id": null,
      "character": "Himself",
      "credit_id": "61fdaa91211ce5010e75b304",
      "gender": null,
      "id": 935022,
      "known_for_department": null,
      "name": null,
      "order": 3,
      "original_name": null,
      "popularity": null,
      "profile_path": null,
    },
    {
      "adult": false,
      "cast_id": null,
      "character": "Joe Celi",
      "credit_id": "630cabd8dcb6a3007bb484c0",
      "gender": null,
      "id": 1018259,
      "known_for_department": null,
      "name": null,
      "order": 3,
      "original_name": null,
      "popularity": null,
      "profile_path": null,
    },
    {
      "adult": false,
      "cast_id": null,
      "character": "Self (Archive Footage)",
      "credit_id": "6458159577d23b017036b849",
      "gender": null,
      "id": 1122542,
      "known_for_department": null,
      "name": null,
      "order": 3,
      "original_name": null,
      "popularity": null,
      "profile_path": null,
    },
    {
      "adult": false,
      "cast_id": null,
      "character": "Niju the Evil Wolf (voice)",
      "credit_id": "52fe44e4c3a368484e03cc89",
      "gender": null,
      "id": 25913,
      "known_for_department": null,
      "name": null,
      "order": 4,
      "original_name": null,
      "popularity": null,
      "profile_path": null,
    },
    {
      "adult": false,
      "cast_id": null,
      "character": "Red: The Media",
      "credit_id": "52fe4510c3a368484e04670b",
      "gender": null,
      "id": 26639,
      "known_for_department": null,
      "name": null,
      "order": 4,
      "original_name": null,
      "popularity": null,
      "profile_path": null,
    },
    {
      "adult": false,
      "cast_id": null,
      "character": "Threshold / Matthew Callahan (voice)",
      "credit_id": "52fe46939251416c7507c9a5",
      "gender": null,
      "id": 15993,
      "known_for_department": null,
      "name": null,
      "order": 4,
      "original_name": null,
      "popularity": null,
      "profile_path": null,
    },
    {
      "adult": false,
      "cast_id": null,
      "character": "The Joker (voice)",
      "credit_id": "52fe47039251416c7508b073",
      "gender": null,
      "id": 17074,
      "known_for_department": null,
      "name": null,
      "order": 4,
      "original_name": null,
      "popularity": null,
      "profile_path": null,
    },
    {
      "adult": false,
      "cast_id": null,
      "character": "Captain of the Guard",
      "credit_id": "52fe4a8ec3a368484e15a407",
      "gender": null,
      "id": 123187,
      "known_for_department": null,
      "name": null,
      "order": 4,
      "original_name": null,
      "popularity": null,
      "profile_path": null,
    },
    {
      "adult": false,
      "cast_id": null,
      "character": "Eugene Banks",
      "credit_id": "52fe4defc3a368484e2058af",
      "gender": null,
      "id": 214996,
      "known_for_department": null,
      "name": null,
      "order": 4,
      "original_name": null,
      "popularity": null,
      "profile_path": null,
    },
    {
      "adult": false,
      "cast_id": null,
      "character": "Zip Elvin (voice)",
      "credit_id": "5782dc9192514156240030de",
      "gender": null,
      "id": 302960,
      "known_for_department": null,
      "name": null,
      "order": 4,
      "original_name": null,
      "popularity": null,
      "profile_path": null,
    },
    {
      "adult": false,
      "cast_id": null,
      "character": "Zeek Oakman",
      "credit_id": "5840a4549251415c7f0003c8",
      "gender": null,
      "id": 73256,
      "known_for_department": null,
      "name": null,
      "order": 4,
      "original_name": null,
      "popularity": null,
      "profile_path": null,
    },
    {
      "adult": false,
      "cast_id": null,
      "character": "Grandpa (voice)",
      "credit_id": "5880ff2fc3a368311900dbcd",
      "gender": null,
      "id": 435995,
      "known_for_department": null,
      "name": null,
      "order": 4,
      "original_name": null,
      "popularity": null,
      "profile_path": null,
    },
    {
      "adult": false,
      "cast_id": null,
      "character": "Emperor Caesar Saladicus (voice) (archive footage)",
      "credit_id": "5428821fc3a3680b37003366",
      "gender": null,
      "id": 295421,
      "known_for_department": null,
      "name": null,
      "order": 4,
      "original_name": null,
      "popularity": null,
      "profile_path": null,
    },
    {
      "adult": false,
      "cast_id": null,
      "character": "Self",
      "credit_id": "5ac2596ac3a3682db501f5ce",
      "gender": null,
      "id": 510714,
      "known_for_department": null,
      "name": null,
      "order": 4,
      "original_name": null,
      "popularity": null,
      "profile_path": null,
    },
    {
      "adult": false,
      "cast_id": null,
      "character": "Jamling (voice)",
      "credit_id": "5aea2f87c3a3682c060024ef",
      "gender": null,
      "id": 67519,
      "known_for_department": null,
      "name": null,
      "order": 4,
      "original_name": null,
      "popularity": null,
      "profile_path": null,
    },
    {
      "adult": false,
      "cast_id": null,
      "character": "Van Ripper",
      "credit_id": "5c0c410b0e0a2638b808b676",
      "gender": null,
      "id": 479367,
      "known_for_department": null,
      "name": null,
      "order": 4,
      "original_name": null,
      "popularity": null,
      "profile_path": null,
    },
    {
      "adult": false,
      "cast_id": null,
      "character": "Self",
      "credit_id": "5ca096370e0a265989faa0df",
      "gender": null,
      "id": 486000,
      "known_for_department": null,
      "name": null,
      "order": 4,
      "original_name": null,
      "popularity": null,
      "profile_path": null,
    },
    {
      "adult": false,
      "cast_id": null,
      "character": "Sean (voice)",
      "credit_id": "5d11f6969251413ffbbac3b3",
      "gender": null,
      "id": 16220,
      "known_for_department": null,
      "name": null,
      "order": 4,
      "original_name": null,
      "popularity": null,
      "profile_path": null,
    },
    {
      "adult": false,
      "cast_id": null,
      "character": "The Admiral",
      "credit_id": "60640d74d7a70a0053e807ee",
      "gender": null,
      "id": 812379,
      "known_for_department": null,
      "name": null,
      "order": 4,
      "original_name": null,
      "popularity": null,
      "profile_path": null,
    },
    {
      "adult": false,
      "cast_id": null,
      "character": "Mr. Shifty / Mark Hamill (voice)",
      "credit_id": "620d2bfd77b1fb006b4260bb",
      "gender": null,
      "id": 298015,
      "known_for_department": null,
      "name": null,
      "order": 4,
      "original_name": null,
      "popularity": null,
      "profile_path": null,
    },
    {
      "adult": false,
      "cast_id": null,
      "character": "Philip Donaldson",
      "credit_id": "63014e5d839d93007b62c77d",
      "gender": null,
      "id": 1015031,
      "known_for_department": null,
      "name": null,
      "order": 4,
      "original_name": null,
      "popularity": null,
      "profile_path": null,
    },
    {
      "adult": false,
      "cast_id": null,
      "character": "Reverend George",
      "credit_id": "52fe44ba9251416c7503edad",
      "gender": null,
      "id": 12122,
      "known_for_department": null,
      "name": null,
      "order": 5,
      "original_name": null,
      "popularity": null,
      "profile_path": null,
    },
    {
      "adult": false,
      "cast_id": null,
      "character": "Vendor",
      "credit_id": "52fe45779251416c91033657",
      "gender": null,
      "id": 34728,
      "known_for_department": null,
      "name": null,
      "order": 5,
      "original_name": null,
      "popularity": null,
      "profile_path": null,
    },
    {
      "adult": false,
      "cast_id": null,
      "character": "Ken Newkirk",
      "credit_id": "52fe4b02c3a36847f81ed4a9",
      "gender": null,
      "id": 111774,
      "known_for_department": null,
      "name": null,
      "order": 5,
      "original_name": null,
      "popularity": null,
      "profile_path": null,
    },
    {
      "adult": false,
      "cast_id": null,
      "character": "Deacon / Babyface Boretti / Store Owner (voice)",
      "credit_id": "5a2cb356c3a3680b8d144714",
      "gender": null,
      "id": 45752,
      "known_for_department": null,
      "name": null,
      "order": 5,
      "original_name": null,
      "popularity": null,
      "profile_path": null,
    },
    {
      "adult": false,
      "cast_id": null,
      "character": "Himself",
      "credit_id": "5dd3c47b28723c00144db332",
      "gender": null,
      "id": 522640,
      "known_for_department": null,
      "name": null,
      "order": 5,
      "original_name": null,
      "popularity": null,
      "profile_path": null,
    },
    {
      "adult": false,
      "cast_id": null,
      "character": "Self",
      "credit_id": "5e3879ec43250f0017c3d800",
      "gender": null,
      "id": 662151,
      "known_for_department": null,
      "name": null,
      "order": 5,
      "original_name": null,
      "popularity": null,
      "profile_path": null,
    },
    {
      "adult": false,
      "cast_id": null,
      "character": "Self",
      "credit_id": "5e70ff60f9aa470017cf1df6",
      "gender": null,
      "id": 680382,
      "known_for_department": null,
      "name": null,
      "order": 5,
      "original_name": null,
      "popularity": null,
      "profile_path": null,
    },
    {
      "adult": false,
      "cast_id": null,
      "character": "(voices)",
      "credit_id": "5ea02442162bc3001c031f0b",
      "gender": null,
      "id": 386024,
      "known_for_department": null,
      "name": null,
      "order": 5,
      "original_name": null,
      "popularity": null,
      "profile_path": null,
    },
    {
      "adult": false,
      "cast_id": null,
      "character": "King Blackyard / King Karuta (voice)",
      "credit_id": "608e9b7b07e28100414dd40f",
      "gender": null,
      "id": 250494,
      "known_for_department": null,
      "name": null,
      "order": 5,
      "original_name": null,
      "popularity": null,
      "profile_path": null,
    },
    {
      "adult": false,
      "cast_id": null,
      "character": "Self",
      "credit_id": "612f10c76a3448002c15f470",
      "gender": null,
      "id": 719917,
      "known_for_department": null,
      "name": null,
      "order": 5,
      "original_name": null,
      "popularity": null,
      "profile_path": null,
    },
    {
      "adult": false,
      "cast_id": null,
      "character": "Luke Skywalker (voice)",
      "credit_id": "52fe4624c3a36847f80ef081",
      "gender": null,
      "id": 42979,
      "known_for_department": null,
      "name": null,
      "order": 6,
      "original_name": null,
      "popularity": null,
      "profile_path": null,
    },
    {
      "adult": false,
      "cast_id": null,
      "character": "Dr. Jak",
      "credit_id": "52fe4a37c3a36847f81c1727",
      "gender": null,
      "id": 104545,
      "known_for_department": null,
      "name": null,
      "order": 6,
      "original_name": null,
      "popularity": null,
      "profile_path": null,
    },
    {
      "adult": false,
      "cast_id": null,
      "character": "Himself / Luke Skywalker",
      "credit_id": "5662df8ec3a3682be9003e47",
      "gender": null,
      "id": 47022,
      "known_for_department": null,
      "name": null,
      "order": 6,
      "original_name": null,
      "popularity": null,
      "profile_path": null,
    },
    {
      "adult": false,
      "cast_id": null,
      "character": "Eric (voice)",
      "credit_id": "57ca104fc3a3684b8400096f",
      "gender": null,
      "id": 413817,
      "known_for_department": null,
      "name": null,
      "order": 6,
      "original_name": null,
      "popularity": null,
      "profile_path": null,
    },
    {
      "adult": false,
      "cast_id": null,
      "character": "Dr. Henry Armitage (voice)",
      "credit_id": "5c06d7b8c3a36869ae0e6cbd",
      "gender": null,
      "id": 566611,
      "known_for_department": null,
      "name": null,
      "order": 6,
      "original_name": null,
      "popularity": null,
      "profile_path": null,
    },
    {
      "adult": false,
      "cast_id": null,
      "character": "(voices)",
      "credit_id": "5ec4b7083d3557001eebc7f1",
      "gender": null,
      "id": 392622,
      "known_for_department": null,
      "name": null,
      "order": 6,
      "original_name": null,
      "popularity": null,
      "profile_path": null,
    },
    {
      "adult": false,
      "cast_id": null,
      "character": "Self (archive footage)",
      "credit_id": "5fb34963626208003fb779c9",
      "gender": null,
      "id": 445684,
      "known_for_department": null,
      "name": null,
      "order": 6,
      "original_name": null,
      "popularity": null,
      "profile_path": null,
    },
    {
      "adult": false,
      "cast_id": null,
      "character": "Himself",
      "credit_id": "60d12a6e967cc700304b38c3",
      "gender": null,
      "id": 779681,
      "known_for_department": null,
      "name": null,
      "order": 6,
      "original_name": null,
      "popularity": null,
      "profile_path": null,
    },
    {
      "adult": false,
      "cast_id": null,
      "character": "Tommy's Father (voice)",
      "credit_id": "60d36b87176a94005de72314",
      "gender": null,
      "id": 511301,
      "known_for_department": null,
      "name": null,
      "order": 6,
      "original_name": null,
      "popularity": null,
      "profile_path": null,
    },
    {
      "adult": false,
      "cast_id": null,
      "character": "",
      "credit_id": "6444438fcee2f602fb36d7f2",
      "gender": null,
      "id": 1116710,
      "known_for_department": null,
      "name": null,
      "order": 6,
      "original_name": null,
      "popularity": null,
      "profile_path": null,
    },
    {
      "adult": false,
      "cast_id": null,
      "character": "Professor Arnold",
      "credit_id": "540d4968c3a36879a8004fc9",
      "gender": null,
      "id": 207703,
      "known_for_department": null,
      "name": null,
      "order": 7,
      "original_name": null,
      "popularity": null,
      "profile_path": null,
    },
    {
      "adult": false,
      "cast_id": null,
      "character": "Self",
      "credit_id": "55ecfbadc3a368090c002a5a",
      "gender": null,
      "id": 358536,
      "known_for_department": null,
      "name": null,
      "order": 7,
      "original_name": null,
      "popularity": null,
      "profile_path": null,
    },
    {
      "adult": false,
      "cast_id": null,
      "character": "Gargoyle (voice)",
      "credit_id": "6444205bd35dea0505fbb6d2",
      "gender": null,
      "id": 774074,
      "known_for_department": null,
      "name": null,
      "order": 7,
      "original_name": null,
      "popularity": null,
      "profile_path": null,
    },
    {
      "adult": false,
      "cast_id": null,
      "character": "Von Nebula / Von Ness (voice)",
      "credit_id": "54f4d208c3a3683e2f0003f4",
      "gender": null,
      "id": 275287,
      "known_for_department": null,
      "name": null,
      "order": 8,
      "original_name": null,
      "popularity": null,
      "profile_path": null,
    },
    {
      "adult": false,
      "cast_id": null,
      "character": "Megatronus (voice)",
      "credit_id": "5ae740aac3a368134c012bb1",
      "gender": null,
      "id": 521494,
      "known_for_department": null,
      "name": null,
      "order": 8,
      "original_name": null,
      "popularity": null,
      "profile_path": null,
    },
    {
      "adult": false,
      "cast_id": null,
      "character": "Himself",
      "credit_id": "5b3e60dd925141145b0090b7",
      "gender": null,
      "id": 24479,
      "known_for_department": null,
      "name": null,
      "order": 8,
      "original_name": null,
      "popularity": null,
      "profile_path": null,
    },
    {
      "adult": false,
      "cast_id": null,
      "character": "(voices)",
      "credit_id": "5df197828d77c40013d8fc06",
      "gender": null,
      "id": 284521,
      "known_for_department": null,
      "name": null,
      "order": 8,
      "original_name": null,
      "popularity": null,
      "profile_path": null,
    },
    {
      "adult": false,
      "cast_id": null,
      "character": "Self - Reader (segment \\"The Big Red One: Griff\\")",
      "credit_id": "5ebc0116aad9c2001f24084e",
      "gender": null,
      "id": 229065,
      "known_for_department": null,
      "name": null,
      "order": 8,
      "original_name": null,
      "popularity": null,
      "profile_path": null,
    },
    {
      "adult": false,
      "cast_id": null,
      "character": "Self",
      "credit_id": "6185bf2a13a3880096d62c2e",
      "gender": null,
      "id": 485997,
      "known_for_department": null,
      "name": null,
      "order": 8,
      "original_name": null,
      "popularity": null,
      "profile_path": null,
    },
    {
      "adult": false,
      "cast_id": null,
      "character": "Luke Skywalker (archive footage)",
      "credit_id": "639530826e938a008c69ce81",
      "gender": null,
      "id": 507052,
      "known_for_department": null,
      "name": null,
      "order": 8,
      "original_name": null,
      "popularity": null,
      "profile_path": null,
    },
    {
      "adult": false,
      "cast_id": null,
      "character": "Steve (voice)",
      "credit_id": "52fe43e5c3a368484e0047c7",
      "gender": null,
      "id": 20410,
      "known_for_department": null,
      "name": null,
      "order": 9,
      "original_name": null,
      "popularity": null,
      "profile_path": null,
    },
    {
      "adult": false,
      "cast_id": null,
      "character": "Void (voice)",
      "credit_id": "52fe4475c3a368484e0241d7",
      "gender": null,
      "id": 23738,
      "known_for_department": null,
      "name": null,
      "order": 9,
      "original_name": null,
      "popularity": null,
      "profile_path": null,
    },
    {
      "adult": false,
      "cast_id": null,
      "character": "Stickybeard (voice)",
      "credit_id": "590454a79251416a14009f14",
      "gender": null,
      "id": 205081,
      "known_for_department": null,
      "name": null,
      "order": 9,
      "original_name": null,
      "popularity": null,
      "profile_path": null,
    },
    {
      "adult": false,
      "cast_id": null,
      "character": "Megatronus / The Fallen (voice)",
      "credit_id": "5b4746250e0a267ae200634e",
      "gender": null,
      "id": 535401,
      "known_for_department": null,
      "name": null,
      "order": 9,
      "original_name": null,
      "popularity": null,
      "profile_path": null,
    },
    {
      "adult": false,
      "cast_id": null,
      "character": "Stickybeard (Voice)",
      "credit_id": "5d549ba400bfe82e61317b0c",
      "gender": null,
      "id": 543744,
      "known_for_department": null,
      "name": null,
      "order": 9,
      "original_name": null,
      "popularity": null,
      "profile_path": null,
    },
    {
      "adult": false,
      "cast_id": null,
      "character": "The Joker (voice)",
      "credit_id": "52fe46289251416c7506f169",
      "gender": null,
      "id": 14919,
      "known_for_department": null,
      "name": null,
      "order": 10,
      "original_name": null,
      "popularity": null,
      "profile_path": null,
    },
    {
      "adult": false,
      "cast_id": null,
      "character": "Turtle (voice)",
      "credit_id": "52fe4e61c3a36847f828d31b",
      "gender": null,
      "id": 236833,
      "known_for_department": null,
      "name": null,
      "order": 10,
      "original_name": null,
      "popularity": null,
      "profile_path": null,
    },
    {
      "adult": false,
      "cast_id": null,
      "character": "Dr. Henry Armitage (voice)",
      "credit_id": "5a28f3eec3a3680b8d10f167",
      "gender": null,
      "id": 491277,
      "known_for_department": null,
      "name": null,
      "order": 10,
      "original_name": null,
      "popularity": null,
      "profile_path": null,
    },
    {
      "adult": false,
      "cast_id": null,
      "character": "",
      "credit_id": "5dbf9bb5ef48890011158bad",
      "gender": null,
      "id": 490081,
      "known_for_department": null,
      "name": null,
      "order": 10,
      "original_name": null,
      "popularity": null,
      "profile_path": null,
    },
    {
      "adult": false,
      "cast_id": null,
      "character": "Snakebite Scruggs (voice)",
      "credit_id": "530b7a76c3a3684208005ae8",
      "gender": null,
      "id": 13151,
      "known_for_department": null,
      "name": null,
      "order": 11,
      "original_name": null,
      "popularity": null,
      "profile_path": null,
    },
    {
      "adult": false,
      "cast_id": null,
      "character": "Slick (voice)",
      "credit_id": "56a502f6925141419f002bc7",
      "gender": null,
      "id": 342708,
      "known_for_department": null,
      "name": null,
      "order": 11,
      "original_name": null,
      "popularity": null,
      "profile_path": null,
    },
    {
      "adult": false,
      "cast_id": null,
      "character": "Kevin The Robot",
      "credit_id": "5e7515d72f3b1700174e771b",
      "gender": null,
      "id": 684925,
      "known_for_department": null,
      "name": null,
      "order": 11,
      "original_name": null,
      "popularity": null,
      "profile_path": null,
    },
    {
      "adult": false,
      "cast_id": null,
      "character": "Self",
      "credit_id": "6358c1d61108a80079ddea83",
      "gender": null,
      "id": 1040195,
      "known_for_department": null,
      "name": null,
      "order": 12,
      "original_name": null,
      "popularity": null,
      "profile_path": null,
    },
    {
      "adult": false,
      "cast_id": null,
      "character": "Himself",
      "credit_id": "63f8ef651f3319009ebfc8e2",
      "gender": null,
      "id": 629886,
      "known_for_department": null,
      "name": null,
      "order": 12,
      "original_name": null,
      "popularity": null,
      "profile_path": null,
    },
    {
      "adult": false,
      "cast_id": null,
      "character": "Chanukah Zombie (voice)",
      "credit_id": "599285939251417c42007fe4",
      "gender": null,
      "id": 7249,
      "known_for_department": null,
      "name": null,
      "order": 13,
      "original_name": null,
      "popularity": null,
      "profile_path": null,
    },
    {
      "adult": false,
      "cast_id": null,
      "character": "Oiler (voice)",
      "credit_id": "5a9498c20e0a266d1600004b",
      "gender": null,
      "id": 14611,
      "known_for_department": null,
      "name": null,
      "order": 13,
      "original_name": null,
      "popularity": null,
      "profile_path": null,
    },
    {
      "adult": false,
      "cast_id": null,
      "character": "Elder Orin (voice)",
      "credit_id": "52fe46f39251416c75088e8f",
      "gender": null,
      "id": 16873,
      "known_for_department": null,
      "name": null,
      "order": 14,
      "original_name": null,
      "popularity": null,
      "profile_path": null,
    },
    {
      "adult": false,
      "cast_id": null,
      "character": "Himself (archive footage)",
      "credit_id": "5fc6d6e3d132d6003e1eeb23",
      "gender": null,
      "id": 622408,
      "known_for_department": null,
      "name": null,
      "order": 14,
      "original_name": null,
      "popularity": null,
      "profile_path": null,
    },
    {
      "adult": false,
      "cast_id": null,
      "character": "Merlin (voice)",
      "credit_id": "5c451f8c0e0a264962c63402",
      "gender": null,
      "id": 10350,
      "known_for_department": null,
      "name": null,
      "order": 15,
      "original_name": null,
      "popularity": null,
      "profile_path": null,
    },
    {
      "adult": false,
      "cast_id": null,
      "character": "Self",
      "credit_id": "5ff66d49ce5d82003cbd0979",
      "gender": null,
      "id": 734586,
      "known_for_department": null,
      "name": null,
      "order": 15,
      "original_name": null,
      "popularity": null,
      "profile_path": null,
    },
    {
      "adult": false,
      "cast_id": null,
      "character": "Self",
      "credit_id": "56757c8e92514179dd002c8f",
      "gender": null,
      "id": 76180,
      "known_for_department": null,
      "name": null,
      "order": 16,
      "original_name": null,
      "popularity": null,
      "profile_path": null,
    },
    {
      "adult": false,
      "cast_id": null,
      "character": "Luke Skywalker (archive footage)",
      "credit_id": "5dd3c03828723c00124d72ed",
      "gender": null,
      "id": 435365,
      "known_for_department": null,
      "name": null,
      "order": 17,
      "original_name": null,
      "popularity": null,
      "profile_path": null,
    },
    {
      "adult": false,
      "cast_id": null,
      "character": "Self - Luke Skywalker (uncredited / archive footage)",
      "credit_id": "631c0848b234b90087a503c9",
      "gender": null,
      "id": 1015606,
      "known_for_department": null,
      "name": null,
      "order": 20,
      "original_name": null,
      "popularity": null,
      "profile_path": null,
    },
    {
      "adult": false,
      "cast_id": null,
      "character": "Brent",
      "credit_id": "52fe44899251416c9101436f",
      "gender": null,
      "id": 31578,
      "known_for_department": null,
      "name": null,
      "order": 21,
      "original_name": null,
      "popularity": null,
      "profile_path": null,
    },
    {
      "adult": false,
      "cast_id": null,
      "character": "Self",
      "credit_id": "644481e3651fcf04889d73a9",
      "gender": null,
      "id": 851685,
      "known_for_department": null,
      "name": null,
      "order": 21,
      "original_name": null,
      "popularity": null,
      "profile_path": null,
    },
    {
      "adult": false,
      "cast_id": null,
      "character": "(voices)",
      "credit_id": "5ee6407a0cb335001fbe4383",
      "gender": null,
      "id": 405794,
      "known_for_department": null,
      "name": null,
      "order": 23,
      "original_name": null,
      "popularity": null,
      "profile_path": null,
    },
    {
      "adult": false,
      "cast_id": null,
      "character": "Cocknocker",
      "credit_id": "52fe434bc3a36847f8049419",
      "gender": null,
      "id": 2294,
      "known_for_department": null,
      "name": null,
      "order": 24,
      "original_name": null,
      "popularity": null,
      "profile_path": null,
    },
    {
      "adult": false,
      "cast_id": null,
      "character": "Pvt. Griff (archive footage) (uncredited)",
      "credit_id": "62056966151c5c00677d0095",
      "gender": null,
      "id": 262988,
      "known_for_department": null,
      "name": null,
      "order": 29,
      "original_name": null,
      "popularity": null,
      "profile_path": null,
    },
    {
      "adult": false,
      "cast_id": null,
      "character": "Self (archive footage)",
      "credit_id": "61bbd18d6a300b001d924500",
      "gender": null,
      "id": 681947,
      "known_for_department": null,
      "name": null,
      "order": 30,
      "original_name": null,
      "popularity": null,
      "profile_path": null,
    },
    {
      "adult": false,
      "cast_id": null,
      "character": "Lt. Jenkins (uncredited)",
      "credit_id": "5d60e40f54f6eb00149aef1c",
      "gender": null,
      "id": 11428,
      "known_for_department": null,
      "name": null,
      "order": 36,
      "original_name": null,
      "popularity": null,
      "profile_path": null,
    },
    {
      "adult": false,
      "cast_id": null,
      "character": "Himself",
      "credit_id": "5ab421e5c3a368618d011d1c",
      "gender": null,
      "id": 124623,
      "known_for_department": null,
      "name": null,
      "order": 41,
      "original_name": null,
      "popularity": null,
      "profile_path": null,
    },
    {
      "adult": false,
      "cast_id": null,
      "character": "Self",
      "credit_id": "63baa621c0a30800b884171e",
      "gender": null,
      "id": 830514,
      "known_for_department": null,
      "name": null,
      "order": 106,
      "original_name": null,
      "popularity": null,
      "profile_path": null,
    },
  ],
  "id": 2,
}
`;

exports[`init server > Queries persons > returns the information of a person who has a role in the technical team 1`] = `
{
  "crew": [
    {
      "adult": false,
      "credit_id": "594b63adc3a368328b00b354",
      "department": "Crew",
      "gender": null,
      "id": 81234,
      "job": "Sequence Supervisor",
      "known_for_department": null,
      "name": null,
      "original_name": null,
      "popularity": null,
      "profile_path": null,
    },
    {
      "adult": false,
      "credit_id": "52fe44dcc3a368484e03b025",
      "department": "Directing",
      "gender": null,
      "id": 25757,
      "job": "Director",
      "known_for_department": null,
      "name": null,
      "original_name": null,
      "popularity": null,
      "profile_path": null,
    },
    {
      "adult": false,
      "credit_id": "5caa78a9925141146700bd7a",
      "department": "Production",
      "gender": null,
      "id": 100557,
      "job": "Co-Producer",
      "known_for_department": null,
      "name": null,
      "original_name": null,
      "popularity": null,
      "profile_path": null,
    },
  ],
  "id": 2,
}
`;
